[    0.000000] Linux version 4.15.0-212-generic (buildd@lcy02-amd64-083) (gcc version 7.5.0 (Ubuntu 7.5.0-3ubuntu1~18.04)) #223-Ubuntu SMP Tue May 23 13:09:22 UTC 2023 (Ubuntu 4.15.0-212.223-generic 4.15.18)
[    0.000000] Command line: BOOT_IMAGE=/boot/vmlinuz-4.15.0-212-generic root=LABEL=cloudimg-rootfs ro console=tty1 console=ttyS0
[    0.000000] KERNEL supported cpus:
[    0.000000]   Intel GenuineIntel
[    0.000000]   AMD AuthenticAMD
[    0.000000]   Centaur CentaurHauls
[    0.000000] x86/fpu: Supporting XSAVE feature 0x001: 'x87 floating point registers'
[    0.000000] x86/fpu: Supporting XSAVE feature 0x002: 'SSE registers'
[    0.000000] x86/fpu: Supporting XSAVE feature 0x004: 'AVX registers'
[    0.000000] x86/fpu: xstate_offset[2]:  576, xstate_sizes[2]:  256
[    0.000000] x86/fpu: Enabled xstate features 0x7, context size is 832 bytes, using 'standard' format.
[    0.000000] e820: BIOS-provided physical RAM map:
[    0.000000] BIOS-e820: [mem 0x0000000000000000-0x000000000009fbff] usable
[    0.000000] BIOS-e820: [mem 0x000000000009fc00-0x000000000009ffff] reserved
[    0.000000] BIOS-e820: [mem 0x00000000000f0000-0x00000000000fffff] reserved
[    0.000000] BIOS-e820: [mem 0x0000000000100000-0x0000000063feffff] usable
[    0.000000] BIOS-e820: [mem 0x0000000063ff0000-0x0000000063ffffff] ACPI data
[    0.000000] BIOS-e820: [mem 0x00000000fec00000-0x00000000fec00fff] reserved
[    0.000000] BIOS-e820: [mem 0x00000000fee00000-0x00000000fee00fff] reserved
[    0.000000] BIOS-e820: [mem 0x00000000fffc0000-0x00000000ffffffff] reserved
[    0.000000] NX (Execute Disable) protection: active
[    0.000000] SMBIOS 2.5 present.
[    0.000000] DMI: innotek GmbH VirtualBox/VirtualBox, BIOS VirtualBox 12/01/2006
[    0.000000] Hypervisor detected: KVM
[    0.000000] e820: last_pfn = 0x63ff0 max_arch_pfn = 0x400000000
[    0.000000] MTRR: Disabled
[    0.000000] x86/PAT: MTRRs disabled, skipping PAT initialization too.
[    0.000000] CPU MTRRs all blank - virtualized system.
[    0.000000] x86/PAT: Configuration [0-7]: WB  WT  UC- UC  WB  WT  UC- UC  
[    0.000000] found SMP MP-table at [mem 0x0009fff0-0x0009ffff]
[    0.000000] Scanning 1 areas for low memory corruption
[    0.000000] RAMDISK: [mem 0x359cb000-0x36cdcfff]
[    0.000000] ACPI: Early table checksum verification disabled
[    0.000000] ACPI: RSDP 0x00000000000E0000 000024 (v02 VBOX  )
[    0.000000] ACPI: XSDT 0x0000000063FF0030 00003C (v01 VBOX   VBOXXSDT 00000001 ASL  00000061)
[    0.000000] ACPI: FACP 0x0000000063FF00F0 0000F4 (v04 VBOX   VBOXFACP 00000001 ASL  00000061)
[    0.000000] ACPI: DSDT 0x0000000063FF0610 002353 (v02 VBOX   VBOXBIOS 00000002 INTL 20200528)
[    0.000000] ACPI: FACS 0x0000000063FF0200 000040
[    0.000000] ACPI: FACS 0x0000000063FF0200 000040
[    0.000000] ACPI: APIC 0x0000000063FF0240 00005C (v02 VBOX   VBOXAPIC 00000001 ASL  00000061)
[    0.000000] ACPI: SSDT 0x0000000063FF02A0 00036C (v01 VBOX   VBOXCPUT 00000002 INTL 20200528)
[    0.000000] ACPI: Reserving FACP table memory at [mem 0x63ff00f0-0x63ff01e3]
[    0.000000] ACPI: Reserving DSDT table memory at [mem 0x63ff0610-0x63ff2962]
[    0.000000] ACPI: Reserving FACS table memory at [mem 0x63ff0200-0x63ff023f]
[    0.000000] ACPI: Reserving FACS table memory at [mem 0x63ff0200-0x63ff023f]
[    0.000000] ACPI: Reserving APIC table memory at [mem 0x63ff0240-0x63ff029b]
[    0.000000] ACPI: Reserving SSDT table memory at [mem 0x63ff02a0-0x63ff060b]
[    0.000000] No NUMA configuration found
[    0.000000] Faking a node at [mem 0x0000000000000000-0x0000000063feffff]
[    0.000000] NODE_DATA(0) allocated [mem 0x63fc5000-0x63feffff]
[    0.000000] kvm-clock: cpu 0, msr 0:63f44001, primary cpu clock
[    0.000000] kvm-clock: Using msrs 4b564d01 and 4b564d00
[    0.000000] kvm-clock: using sched offset of 3658472724 cycles
[    0.000000] clocksource: kvm-clock: mask: 0xffffffffffffffff max_cycles: 0x1cd42e4dffb, max_idle_ns: 881590591483 ns
[    0.000000] Zone ranges:
[    0.000000]   DMA      [mem 0x0000000000001000-0x0000000000ffffff]
[    0.000000]   DMA32    [mem 0x0000000001000000-0x0000000063feffff]
[    0.000000]   Normal   empty
[    0.000000]   Device   empty
[    0.000000] Movable zone start for each node
[    0.000000] Early memory node ranges
[    0.000000]   node   0: [mem 0x0000000000001000-0x000000000009efff]
[    0.000000]   node   0: [mem 0x0000000000100000-0x0000000063feffff]
[    0.000000] Reserved but unavailable: 104 pages
[    0.000000] Initmem setup node 0 [mem 0x0000000000001000-0x0000000063feffff]
[    0.000000] ACPI: PM-Timer IO Port: 0x4008
[    0.000000] IOAPIC[0]: apic_id 2, version 32, address 0xfec00000, GSI 0-23
[    0.000000] ACPI: INT_SRC_OVR (bus 0 bus_irq 0 global_irq 2 dfl dfl)
[    0.000000] ACPI: INT_SRC_OVR (bus 0 bus_irq 9 global_irq 9 low level)
[    0.000000] Using ACPI (MADT) for SMP configuration information
[    0.000000] smpboot: Allowing 2 CPUs, 0 hotplug CPUs
[    0.000000] PM: Registered nosave memory: [mem 0x00000000-0x00000fff]
[    0.000000] PM: Registered nosave memory: [mem 0x0009f000-0x0009ffff]
[    0.000000] PM: Registered nosave memory: [mem 0x000a0000-0x000effff]
[    0.000000] PM: Registered nosave memory: [mem 0x000f0000-0x000fffff]
[    0.000000] e820: [mem 0x64000000-0xfebfffff] available for PCI devices
[    0.000000] Booting paravirtualized kernel on KVM
[    0.000000] clocksource: refined-jiffies: mask: 0xffffffff max_cycles: 0xffffffff, max_idle_ns: 7645519600211568 ns
[    0.000000] setup_percpu: NR_CPUS:8192 nr_cpumask_bits:2 nr_cpu_ids:2 nr_node_ids:1
[    0.000000] percpu: Embedded 50 pages/cpu s167936 r8192 d28672 u1048576
[    0.000000] PV qspinlock hash table entries: 256 (order: 0, 4096 bytes)
[    0.000000] Built 1 zonelists, mobility grouping on.  Total pages: 403065
[    0.000000] Policy zone: DMA32
[    0.000000] Kernel command line: BOOT_IMAGE=/boot/vmlinuz-4.15.0-212-generic root=LABEL=cloudimg-rootfs ro console=tty1 console=ttyS0
[    0.000000] Memory: 1562228K/1637944K available (12300K kernel code, 2477K rwdata, 4324K rodata, 2480K init, 2720K bss, 75716K reserved, 0K cma-reserved)
[    0.000000] SLUB: HWalign=64, Order=0-3, MinObjects=0, CPUs=2, Nodes=1
[    0.000000] Kernel/User page tables isolation: enabled
[    0.000000] ftrace: allocating 39508 entries in 155 pages
[    0.004000] Hierarchical RCU implementation.
[    0.004000] 	RCU restricting CPUs from NR_CPUS=8192 to nr_cpu_ids=2.
[    0.004000] 	Tasks RCU enabled.
[    0.004000] RCU: Adjusting geometry for rcu_fanout_leaf=16, nr_cpu_ids=2
[    0.004000] NR_IRQS: 524544, nr_irqs: 440, preallocated irqs: 16
[    0.004000] random: crng init done
[    0.004000] Console: colour VGA+ 80x25
[    0.004000] console [tty1] enabled
[    0.004000] console [ttyS0] enabled
[    0.004000] ACPI: Core revision 20170831
[    0.004000] ACPI: 2 ACPI AML tables successfully acquired and loaded
[    0.004000] APIC: Switch to symmetric I/O mode setup
[    0.004849] x2apic enabled
[    0.008020] Switched APIC routing to physical x2apic.
[    0.012000] ..TIMER: vector=0x30 apic1=0 pin1=2 apic2=-1 pin2=-1
[    0.012004] tsc: Detected 2193.100 MHz processor
[    0.016012] Calibrating delay loop (skipped) preset value.. 4386.20 BogoMIPS (lpj=8772400)
[    0.020003] pid_max: default: 32768 minimum: 301
[    0.024053] Security Framework initialized
[    0.028003] Yama: becoming mindful.
[    0.030430] AppArmor: AppArmor initialized
[    0.037972] Dentry cache hash table entries: 262144 (order: 9, 2097152 bytes)
[    0.041819] Inode-cache hash table entries: 131072 (order: 8, 1048576 bytes)
[    0.044072] Mount-cache hash table entries: 4096 (order: 3, 32768 bytes)
[    0.048063] Mountpoint-cache hash table entries: 4096 (order: 3, 32768 bytes)
[    0.053282] Last level iTLB entries: 4KB 1024, 2MB 1024, 4MB 1024
[    0.056003] Last level dTLB entries: 4KB 1024, 2MB 1024, 4MB 1024, 1GB 4
[    0.060003] Spectre V1 : Mitigation: usercopy/swapgs barriers and __user pointer sanitization
[    0.064008] Spectre V2 : Mitigation: Retpolines
[    0.068003] Spectre V2 : Spectre v2 / SpectreRSB mitigation: Filling RSB on context switch
[    0.072003] Spectre V2 : Spectre v2 / SpectreRSB : Filling RSB on VMEXIT
[    0.076005] Speculative Store Bypass: Vulnerable
[    0.080059] MDS: Mitigation: Clear CPU buffers
[    0.084003] MMIO Stale Data: Unknown: No mitigations
[    0.088003] SRBDS: Unknown: Dependent on hypervisor status
[    0.092219] Freeing SMP alternatives memory: 36K
[    0.207299] smpboot: CPU0: Intel(R) Core(TM) i7-4770HQ CPU @ 2.20GHz (family: 0x6, model: 0x46, stepping: 0x1)
[    0.208276] Performance Events: unsupported p6 CPU model 70 no PMU driver, software events only.
[    0.212089] Hierarchical SRCU implementation.
[    0.215851] NMI watchdog: Perf event create on CPU 0 failed with -2
[    0.216002] NMI watchdog: Perf NMI watchdog permanently disabled
[    0.224136] smp: Bringing up secondary CPUs ...
[    0.227480] x86: Booting SMP configuration:
[    0.228003] .... node  #0, CPUs:      #1
[    0.004000] kvm-clock: cpu 1, msr 0:63f44041, secondary cpu clock
[    0.236092] smp: Brought up 1 node, 2 CPUs
[    0.238687] smpboot: Max logical packages: 1
[    0.240007] smpboot: Total of 2 processors activated (8772.40 BogoMIPS)
[    0.244273] devtmpfs: initialized
[    0.246307] x86/mm: Memory block size: 128MB
[    0.248330] evm: security.selinux
[    0.250513] evm: security.SMACK64
[    0.252003] evm: security.SMACK64EXEC
[    0.254415] evm: security.SMACK64TRANSMUTE
[    0.256002] evm: security.SMACK64MMAP
[    0.258583] evm: security.apparmor
[    0.260003] evm: security.ima
[    0.261991] evm: security.capability
[    0.264190] clocksource: jiffies: mask: 0xffffffff max_cycles: 0xffffffff, max_idle_ns: 7645041785100000 ns
[    0.268012] futex hash table entries: 512 (order: 3, 32768 bytes)
[    0.272111] pinctrl core: initialized pinctrl subsystem
[    0.276501] RTC time: 21:43:59, date: 04/30/26
[    0.280374] NET: Registered protocol family 16
[    0.283303] audit: initializing netlink subsys (disabled)
[    0.284102] audit: type=2000 audit(1777585444.701:1): state=initialized audit_enabled=0 res=1
[    0.292015] cpuidle: using governor ladder
[    0.294939] cpuidle: using governor menu
[    0.296064] ACPI: bus type PCI registered
[    0.298758] acpiphp: ACPI Hot Plug PCI Controller Driver version: 0.5
[    0.304594] PCI: Using configuration type 1 for base access
[    0.309477] HugeTLB registered 2.00 MiB page size, pre-allocated 0 pages
[    0.312278] ACPI: Added _OSI(Module Device)
[    0.316007] ACPI: Added _OSI(Processor Device)
[    0.320010] ACPI: Added _OSI(3.0 _SCP Extensions)
[    0.324004] ACPI: Added _OSI(Processor Aggregator Device)
[    0.328058] ACPI: Added _OSI(Linux-Dell-Video)
[    0.332006] ACPI: Added _OSI(Linux-Lenovo-NV-HDMI-Audio)
[    0.336006] ACPI: Added _OSI(Linux-HPI-Hybrid-Graphics)
[    0.340836] ACPI: Executed 1 blocks of module-level executable AML code
[    0.353351] ACPI: Interpreter enabled
[    0.356038] ACPI: (supports S0 S5)
[    0.360006] ACPI: Using IOAPIC for interrupt routing
[    0.364683] PCI: Using host bridge windows from ACPI; if necessary, use "pci=nocrs" and report a bug
[    0.368423] ACPI: Enabled 2 GPEs in block 00 to 07
[    0.386592] ACPI: PCI Root Bridge [PCI0] (domain 0000 [bus 00-ff])
[    0.388011] acpi PNP0A03:00: _OSC: OS supports [ASPM ClockPM Segments MSI]
[    0.396294] acpi PNP0A03:00: _OSC: not requesting OS control; OS requires [ExtendedConfig ASPM ClockPM MSI]
[    0.400023] acpi PNP0A03:00: fail to add MMCONFIG information, can't access extended PCI configuration space under this bridge.
[    0.404749] PCI host bridge to bus 0000:00
[    0.408005] pci_bus 0000:00: root bus resource [io  0x0000-0x0cf7 window]
[    0.412005] pci_bus 0000:00: root bus resource [io  0x0d00-0xffff window]
[    0.416007] pci_bus 0000:00: root bus resource [mem 0x000a0000-0x000bffff window]
[    0.420004] pci_bus 0000:00: root bus resource [mem 0x64000000-0xfdffffff window]
[    0.424004] pci_bus 0000:00: root bus resource [bus 00-ff]
[    0.434474] pci 0000:00:01.1: legacy IDE quirk: reg 0x10: [io  0x01f0-0x01f7]
[    0.436004] pci 0000:00:01.1: legacy IDE quirk: reg 0x14: [io  0x03f6]
[    0.440004] pci 0000:00:01.1: legacy IDE quirk: reg 0x18: [io  0x0170-0x0177]
[    0.444003] pci 0000:00:01.1: legacy IDE quirk: reg 0x1c: [io  0x0376]
[    0.492644] pci 0000:00:07.0: quirk: [io  0x4000-0x403f] claimed by PIIX4 ACPI
[    0.496036] pci 0000:00:07.0: quirk: [io  0x4100-0x410f] claimed by PIIX4 SMB
[    0.524340] ACPI: PCI Interrupt Link [LNKA] (IRQs 5 9 10 *11)
[    0.528561] ACPI: PCI Interrupt Link [LNKB] (IRQs 5 9 *10 11)
[    0.532206] ACPI: PCI Interrupt Link [LNKC] (IRQs 5 *9 10 11)
[    0.535950] ACPI: PCI Interrupt Link [LNKD] (IRQs 5 9 10 *11)
[    0.536568] SCSI subsystem initialized
[    0.539088] pci 0000:00:02.0: vgaarb: setting as boot VGA device
[    0.539886] pci 0000:00:02.0: vgaarb: VGA device added: decodes=io+mem,owns=io+mem,locks=none
[    0.540017] pci 0000:00:02.0: vgaarb: bridge control possible
[    0.544005] vgaarb: loaded
[    0.548092] ACPI: bus type USB registered
[    0.552079] usbcore: registered new interface driver usbfs
[    0.556030] usbcore: registered new interface driver hub
[    0.560013] usbcore: registered new device driver usb
[    0.564116] EDAC MC: Ver: 3.0.0
[    0.572187] PCI: Using ACPI for IRQ routing
[    0.576471] NetLabel: Initializing
[    0.578821] NetLabel:  domain hash size = 128
[    0.580002] NetLabel:  protocols = UNLABELED CIPSOv4 CALIPSO
[    0.584017] NetLabel:  unlabeled traffic allowed by default
[    0.588171] clocksource: Switched to clocksource kvm-clock
[    0.615867] VFS: Disk quotas dquot_6.6.0
[    0.619256] VFS: Dquot-cache hash table entries: 512 (order 0, 4096 bytes)
[    0.623778] AppArmor: AppArmor Filesystem Enabled
[    0.626845] pnp: PnP ACPI init
[    0.630950] pnp: PnP ACPI: found 3 devices
[    0.650921] clocksource: acpi_pm: mask: 0xffffff max_cycles: 0xffffff, max_idle_ns: 2085701024 ns
[    0.656489] NET: Registered protocol family 2
[    0.659742] IP idents hash table entries: 32768 (order: 6, 262144 bytes)
[    0.664804] TCP established hash table entries: 16384 (order: 5, 131072 bytes)
[    0.669586] TCP bind hash table entries: 16384 (order: 6, 262144 bytes)
[    0.674145] TCP: Hash tables configured (established 16384 bind 16384)
[    0.678563] UDP hash table entries: 1024 (order: 3, 32768 bytes)
[    0.682676] UDP-Lite hash table entries: 1024 (order: 3, 32768 bytes)
[    0.687125] NET: Registered protocol family 1
[    0.690222] pci 0000:00:00.0: Limiting direct PCI/PCI transfers
[    0.694183] pci 0000:00:01.0: Activating ISA DMA hang workarounds
[    0.698582] pci 0000:00:02.0: Video device with shadowed ROM at [mem 0x000c0000-0x000dffff]
[    0.704803] Unpacking initramfs...
[    1.121534] Freeing initrd memory: 19528K
[    1.124358] clocksource: tsc: mask: 0xffffffffffffffff max_cycles: 0x1f9cbcafe51, max_idle_ns: 440795202126 ns
[    1.130537] platform rtc_cmos: registered platform RTC device (no PNP device found)
[    1.135657] Scanning for low memory corruption every 60 seconds
[    1.140578] Initialise system trusted keyrings
[    1.143387] Key type blacklist registered
[    1.146276] workingset: timestamp_bits=36 max_order=19 bucket_order=0
[    1.152108] zbud: loaded
[    1.155055] squashfs: version 4.0 (2009/01/31) Phillip Lougher
[    1.159242] fuse init (API version 7.26)
[    1.172999] Key type asymmetric registered
[    1.175797] Asymmetric key parser 'x509' registered
[    1.179200] Block layer SCSI generic (bsg) driver version 0.4 loaded (major 246)
[    1.184106] io scheduler noop registered
[    1.186747] io scheduler deadline registered
[    1.189588] io scheduler cfq registered (default)
[    1.193374] ACPI: AC Adapter [AC] (on-line)
[    1.196418] input: Power Button as /devices/LNXSYSTM:00/LNXPWRBN:00/input/input0
[    1.201185] ACPI: Power Button [PWRF]
[    1.203729] input: Sleep Button as /devices/LNXSYSTM:00/LNXSLPBN:00/input/input1
[    1.209055] ACPI: Sleep Button [SLPF]
[    1.214434] ACPI: Battery Slot [BAT0] (battery present)
[    1.216882] Serial: 8250/16550 driver, 32 ports, IRQ sharing enabled
[    1.248811] 00:02: ttyS0 at I/O 0x3f8 (irq = 4, base_baud = 115200) is a 16550A
[    1.252063] Linux agpgart interface v0.103
[    1.264389] loop: module loaded
[    1.268328] scsi host0: ata_piix
[    1.271072] scsi host1: ata_piix
[    1.273407] ata1: PATA max UDMA/33 cmd 0x1f0 ctl 0x3f6 bmdma 0xd000 irq 14
[    1.277765] ata2: PATA max UDMA/33 cmd 0x170 ctl 0x376 bmdma 0xd008 irq 15
[    1.283911] tun: Universal TUN/TAP device driver, 1.6
[    1.325191] PPP generic driver version 2.4.2
[    1.329363] ehci_hcd: USB 2.0 'Enhanced' Host Controller (EHCI) Driver
[    1.335141] ehci-pci: EHCI PCI platform driver
[    1.338129] ehci-platform: EHCI generic platform driver
[    1.341761] ohci_hcd: USB 1.1 'Open' Host Controller (OHCI) Driver
[    1.346296] ohci-pci: OHCI PCI platform driver
[    1.349521] ohci-platform: OHCI generic platform driver
[    1.353554] uhci_hcd: USB Universal Host Controller Interface driver
[    1.358285] i8042: PNP: PS/2 Controller [PNP0303:PS2K,PNP0f03:PS2M] at 0x60,0x64 irq 1,12
[    1.368039] serio: i8042 KBD port at 0x60,0x64 irq 1
[    1.371902] serio: i8042 AUX port at 0x60,0x64 irq 12
[    1.375592] mousedev: PS/2 mouse device common for all mice
[    1.382393] rtc_cmos rtc_cmos: rtc core: registered rtc_cmos as rtc0
[    1.387561] input: AT Translated Set 2 keyboard as /devices/platform/i8042/serio0/input/input2
[    1.388854] rtc_cmos rtc_cmos: alarms up to one day, 114 bytes nvram
[    1.398748] i2c /dev entries driver
[    1.401442] device-mapper: uevent: version 1.0.3
[    1.405665] device-mapper: ioctl: 4.37.0-ioctl (2017-09-20) initialised: dm-devel@redhat.com
[    1.412529] ledtrig-cpu: registered to indicate activity on CPUs
[    1.419098] NET: Registered protocol family 10
[    1.434809] Segment Routing with IPv6
[    1.438770] NET: Registered protocol family 17
[    1.444030] Key type dns_resolver registered
[    1.479306] mce: Using 0 MCE banks
[    1.482300] RAS: Correctable Errors collector initialized.
[    1.485961] sched_clock: Marking stable (1485885830, 0)->(2204831196, -718945366)
[    1.517930] registered taskstats version 1
[    1.521251] Loading compiled-in X.509 certificates
[    1.527896] Loaded X.509 cert 'Build time autogenerated kernel key: b5b26778eaa3ab3a4a6cee031137706e947d12ad'
[    1.538861] Loaded X.509 cert 'Canonical Ltd. Live Patch Signing: 14df34d1a87cf37625abec039ef2bf521249b969'
[    1.556942] Loaded X.509 cert 'Canonical Ltd. Kernel Module Signing: 88f752e560a1e0737e31163a466ad7b70a850c19'
[    1.563354] blacklist: Loading compiled-in revocation X.509 certificates
[    1.567532] Loaded X.509 cert 'Canonical Ltd. Secure Boot Signing: 61482aa2830d0ab2ad5af10b7250da9033ddcef0'
[    1.573634] Loaded X.509 cert 'Canonical Ltd. Secure Boot Signing (2017): 242ade75ac4a15e50d50c84b0d45ff3eae707a03'
[    1.580320] Loaded X.509 cert 'Canonical Ltd. Secure Boot Signing (ESM 2018): 365188c1d374d6b07c3c8f240f8ef722433d6a8b'
[    1.586873] Loaded X.509 cert 'Canonical Ltd. Secure Boot Signing (2019): c0746fd6c5da3ae827864651ad66ae47fe24b3e8'
[    1.593305] Loaded X.509 cert 'Canonical Ltd. Secure Boot Signing (2021 v1): a8d54bbb3825cfb94fa13c9f8a594a195c107b8d'
[    1.599808] Loaded X.509 cert 'Canonical Ltd. Secure Boot Signing (2021 v2): 4cf046892d6fd3c9a5b03f98d845f90851dc6a8c'
[    1.606543] Loaded X.509 cert 'Canonical Ltd. Secure Boot Signing (2021 v3): 100437bb6de6e469b581e61cd66bce3ef4ed53af'
[    1.613171] Loaded X.509 cert 'Canonical Ltd. Secure Boot Signing (Ubuntu Core 2019): c1d57b8f6b743f23ee41f4f7ee292f06eecadfb9'
[    1.620202] zswap: loaded using pool lzo/zbud
[    1.629492] Key type big_key registered
[    1.631932] Key type trusted registered
[    1.637095] Key type encrypted registered
[    1.639625] AppArmor: AppArmor sha1 policy hashing enabled
[    1.643110] ima: No TPM chip found, activating TPM-bypass! (rc=-19)
[    1.647344] ima: Allocated hash algorithm: sha1
[    1.650334] evm: HMAC attrs: 0x1
[    1.653449]   Magic number: 6:157:754
[    1.655845] tty ttyS5: hash matches
[    1.658602] rtc_cmos rtc_cmos: setting system clock to 2026-04-30 21:44:01 UTC (1777585441)
[    1.664073] BIOS EDD facility v0.16 2004-Jun-25, 0 devices found
[    1.668064] EDD information not available.
[    1.673528] Freeing unused kernel image memory: 2480K
[    1.692898] Write protecting the kernel read-only data: 20480k
[    1.698459] Freeing unused kernel image memory: 2008K
[    1.702782] Freeing unused kernel image memory: 1820K
[    1.712837] x86/mm: Checked W+X mappings: passed, no W+X pages found.
[    1.717047] x86/mm: Checking user space page tables
[    1.726502] x86/mm: Checked W+X mappings: passed, no W+X pages found.
Loading, please wait...
starting version 237
[    1.837573] e1000: Intel(R) PRO/1000 Network Driver - version 7.3.21-k8-NAPI
[    1.842653] e1000: Copyright (c) 1999-2006 Intel Corporation.
[    1.858399] Fusion MPT base driver 3.04.20
[    1.861425] Copyright (c) 1999-2008 LSI Corporation
[    1.875089] Fusion MPT SPI Host driver 3.04.20
[    1.895590] AVX2 version of gcm_enc/dec engaged.
[    1.899256] AES CTR mode by8 optimization enabled
[    2.120446] input: ImExPS/2 Generic Explorer Mouse as /devices/platform/i8042/serio1/input/input4
[    2.430246] e1000 0000:00:03.0 eth0: (PCI:33MHz:32-bit) 02:3b:7b:b7:3b:2d
[    2.434762] e1000 0000:00:03.0 eth0: Intel(R) PRO/1000 Network Connection
[    2.440451] mptbase: ioc0: Initiating bringup
[    2.554058] ioc0: LSI53C1030 A0: Capabilities={Initiator}
[    2.809109] scsi host2: ioc0: LSI53C1030 A0, FwRev=00000000h, Ports=1, MaxQ=256, IRQ=20
[    2.981787] scsi 2:0:0:0: Direct-Access     VBOX     HARDDISK         1.0  PQ: 0 ANSI: 5
[    3.016758] scsi target2:0:0: Beginning Domain Validation
[    3.023485] scsi target2:0:0: Domain Validation skipping write tests
[    3.028012] scsi target2:0:0: Ending Domain Validation
[    3.032339] scsi target2:0:0: asynchronous
[    3.060688] scsi 2:0:1:0: Direct-Access     VBOX     HARDDISK         1.0  PQ: 0 ANSI: 5
[    3.451611] scsi target2:0:1: Beginning Domain Validation
[    3.460614] scsi target2:0:1: Domain Validation skipping write tests
[    3.467873] scsi target2:0:1: Ending Domain Validation
[    3.473406] scsi target2:0:1: asynchronous
[    3.490548] sd 2:0:0:0: [sda] 83886080 512-byte logical blocks: (42.9 GB/40.0 GiB)
[    3.497390] sd 2:0:0:0: Attached scsi generic sg0 type 0
[    3.503662] sd 2:0:0:0: [sda] Write Protect is off
[    3.518159] sd 2:0:1:0: Attached scsi generic sg1 type 0
[    3.552620] sd 2:0:0:0: [sda] Incomplete mode parameter data
[    3.556802] e1000 0000:00:08.0 eth1: (PCI:33MHz:32-bit) 08:00:27:3e:d6:c0
[    3.557835] sd 2:0:0:0: [sda] Assuming drive cache: write through
[    3.562952] e1000 0000:00:08.0 eth1: Intel(R) PRO/1000 Network Connection
[    3.570831]  sda: sda1
[    3.577320] sd 2:0:1:0: [sdb] 20480 512-byte logical blocks: (10.5 MB/10.0 MiB)
[    3.578256] sd 2:0:0:0: [sda] Attached SCSI disk
[    3.587119] sd 2:0:1:0: [sdb] Write Protect is off
[    3.595296] sd 2:0:1:0: [sdb] Incomplete mode parameter data
[    3.603041] sd 2:0:1:0: [sdb] Assuming drive cache: write through
[    3.611926] sd 2:0:1:0: [sdb] Attached SCSI disk
[    4.115905] e1000 0000:00:09.0 eth2: (PCI:33MHz:32-bit) 08:00:27:7f:61:42
[    4.120351] e1000 0000:00:09.0 eth2: Intel(R) PRO/1000 Network Connection
[    4.127190] e1000 0000:00:09.0 enp0s9: renamed from eth2
[    4.141402] e1000 0000:00:08.0 enp0s8: renamed from eth1
[    4.283887] e1000 0000:00:03.0 enp0s3: renamed from eth0
Begin: Loading essential drivers ... [    6.836110] raid6: sse2x1   gen()  4567 MB/s
[    6.888727] raid6: sse2x1   xor()  6053 MB/s
[    6.940895] raid6: sse2x2   gen()  9795 MB/s
[    6.993275] raid6: sse2x2   xor()  3467 MB/s
[    7.065423] raid6: sse2x4   gen()  3480 MB/s
[    7.172635] raid6: sse2x4   xor()  5650 MB/s
[    7.224103] raid6: avx2x1   gen() 12848 MB/s
[    7.272117] raid6: avx2x1   xor() 13043 MB/s
[    7.323579] raid6: avx2x2   gen() 15239 MB/s
[    7.452940] raid6: avx2x2   xor()  8888 MB/s
[    7.522351] raid6: avx2x4   gen() 12668 MB/s
[    7.577199] raid6: avx2x4   xor()  9082 MB/s
[    7.580744] raid6: using algorithm avx2x2 gen() 15239 MB/s
[    7.584736] raid6: .... xor() 8888 MB/s, rmw enabled
[    7.598263] raid6: using avx2x2 recovery algorithm
[    7.610152] xor: automatically using best checksumming function   avx       
[    7.617567] async_tx: api initialized (async)
done.
Begin: Running /scripts/init-premount ... done.
Begin: Mounting root file system ... Begin: Running /scripts/local-top ... done.
Begin: Running /scripts/local-premount ... [    7.714379] Btrfs loaded, crc32c=crc32c-intel
Scanning for Btrfs filesystems
done.
Warning: fsck not present, so skipping root file system
[    7.784862] EXT4-fs (sda1): mounted filesystem with ordered data mode. Opts: (null)
done.
Begin: Running /scripts/local-bottom ... done.
Begin: Running /scripts/init-bottom ... done.
[    8.759098] ip_tables: (C) 2000-2006 Netfilter Core Team
[    8.796366] systemd[1]: systemd 237 running in system mode. (+PAM +AUDIT +SELINUX +IMA +APPARMOR +SMACK +SYSVINIT +UTMP +LIBCRYPTSETUP +GCRYPT +GNUTLS +ACL +XZ +LZ4 +SECCOMP +BLKID +ELFUTILS +KMOD -IDN2 +IDN -PCRE2 default-hierarchy=hybrid)
[    8.820903] systemd[1]: Detected virtualization oracle.
[    8.835248] systemd[1]: Detected architecture x86-64.

Welcome to [1mUbuntu 18.04.6 LTS[0m!

[    8.881872] systemd[1]: Set hostname to <ubuntu>.
[    8.900498] systemd[1]: Initializing machine ID from random generator.
[    8.905080] systemd[1]: Installed transient /etc/machine-id file.
[    9.348165] systemd[1]: Created slice System Slice.
[[0;32m  OK  [0m] Created slice System Slice.
[    9.355996] systemd[1]: Listening on LVM2 metadata daemon socket.
[[0;32m  OK  [0m] Listening on LVM2 metadata daemon socket.
[    9.367134] systemd[1]: Reached target Mounting snaps.
[[0;32m  OK  [0m] Reached target Mounting snaps.
[    9.375850] systemd[1]: Reached target Swap.
[[0;32m  OK  [0m] Reached target Swap.
[[0;32m  OK  [0m] Reached target System Time Synchronized.
[[0;32m  OK  [0m] Reached target User and Group Name Lookups.
[[0;32m  OK  [0m] Listening on Network Service Netlink Socket.
[[0;32m  OK  [0m] Listening on LVM2 poll daemon socket.
[[0;32m  OK  [0m] Listening on fsck to fsckd communication Socket.
[[0;32m  OK  [0m] Started Forward Password Requests to Wall Directory Watch.
[[0;32m  OK  [0m] Listening on Journal Audit Socket.
[[0;32m  OK  [0m] Listening on udev Kernel Socket.
[[0;32m  OK  [0m] Listening on Device-mapper event daemon FIFOs.
[[0;32m  OK  [0m] Listening on udev Control Socket.
[[0;32m  OK  [0m] Set up automount Arbitrary Executab…rmats File System Automount Point.
[[0;32m  OK  [0m] Reached target Mounted snaps.
[[0;32m  OK  [0m] Listening on Journal Socket.
         Starting udev Coldplug all Devices...
         Starting Set the console keyboard layout...
         Starting File System Check on Root Device...
         Starting Monitoring of LVM2 mirrors…ng dmeventd or progress polling...
         Starting Uncomplicated firewall...
         Starting Create list of required st…ce nodes for the current kernel...
         Starting Load Kernel Modules...
[[0;32m  OK  [0m] Listening on Journal Socket (/dev/log).
[[0;32m  OK  [0m] Listening on Syslog Socket.
         Starting Journal Service...
         Mounting Huge Pages File System...
[[0;32m  OK  [0m] Created slice User and Session Slice.
[[0;32m  OK  [0m] Reached target Slices.
[[0;32m  OK  [0m] Listening on /dev/initctl Compatibility Named Pipe.
         Mounting POSIX Message Queue File System...
         Mounting Kernel Debug File System...
[[0;32m  OK  [0m] Created slice system-serial\x2dgetty.slice.
[[0;32m  OK  [0m] Started Uncomplicated firewall.
[[0;32m  OK  [0m] Started LVM2 metadata daemon.
[    9.603185] Loading iSCSI transport class v2.0-870.
[[0;32m  OK  [0m] Started File System Check Daemon to report status.
[[0;32m  OK  [0m] Started Create list of required sta…vice nodes for the current kernel.
         Starting Create Static Device Nodes in /dev...
[[0;32m  OK  [0m] Started Journal Service.
[[0;32m  OK  [0m] Started File System Check on Root Device.
[[0;32m  OK  [0m] Started udev Coldplug all Devices.
         Starting Remount Root and Kernel File Systems...
[[0;32m  OK  [0m] Started Create Static Device Nodes in /dev.
[    9.732461] iscsi: registered transport (tcp)
[[0;32m  OK  [0m] Mounted Huge Pages File System.
[[0;32m  OK  [0m] Mounted POSIX Message Queue File System.
[[0;32m  OK  [0m] Mounted Kernel Debug File System.
[    9.815875] iscsi: registered transport (iser)
[    9.822286] EXT4-fs (sda1): re-mounted. Opts: (null)
[[0;32m  OK  [0m] Started Load Kernel Modules.
         Mounting FUSE Control File System...
         Mounting Kernel Configuration File System...
         Starting Apply Kernel Variables...
[[0;32m  OK  [0m] Started Remount Root and Kernel File Systems.
[[0;32m  OK  [0m] Mounted FUSE Control File System.
[[0;32m  OK  [0m] Mounted Kernel Configuration File System.
         Starting Load/Save Random Seed...
         Starting Flush Journal to Persistent Storage...
         Starting udev Kernel Device Manager...
[[0;32m  OK  [0m] Started Monitoring of LVM2 mirrors,…sing dmeventd or progress polling.
[[0;32m  OK  [0m] Started Load/Save Random Seed.
[[0;32m  OK  [0m] Started udev Kernel Device Manager.
[[0;32m  OK  [0m] Started Apply Kernel Variables.
[[0;32m  OK  [0m] Started Flush Journal to Persistent Storage.
[[0;32m  OK  [0m] Found device /dev/ttyS0.
[[0;32m  OK  [0m] Listening on Load/Save RF Kill Switch Status /dev/rfkill Watch.
         Mounting Arbitrary Executable File Formats File System...
[[0;32m  OK  [0m] Mounted Arbitrary Executable File Formats File System.
[[0;32m  OK  [0m] Started Set the console keyboard layout.
[[0;32m  OK  [0m] Reached target Local File Systems (Pre).
[[0;32m  OK  [0m] Reached target Local File Systems.
         Starting Create Volatile Files and Directories...
         Starting ebtables ruleset management...
         Starting Tell Plymouth To Write Out Runtime Data...
         Starting AppArmor initialization...
         Starting Commit a transient machine-id on disk...
         Starting Set console font and keymap...
[[0;32m  OK  [0m] Started Dispatch Password Requests to Console Directory Watch.
[[0;32m  OK  [0m] Reached target Local Encrypted Volumes.
[[0;32m  OK  [0m] Started Create Volatile Files and Directories.
[[0;32m  OK  [0m] Started Tell Plymouth To Write Out Runtime Data.
         Starting Update UTMP about System Boot/Shutdown...
[[0;32m  OK  [0m] Started Update UTMP about System Boot/Shutdown.
[[0;32m  OK  [0m] Started Commit a transient machine-id on disk.
[[0;32m  OK  [0m] Started ebtables ruleset management.
[[0;32m  OK  [0m] Started AppArmor initialization.
         Starting Load AppArmor profiles managed internally by snapd...
         Starting Initial cloud-init job (pre-networking)...
[[0;32m  OK  [0m] Started Load AppArmor profiles managed internally by snapd.
[[0;32m  OK  [0m] Started Set console font and keymap.
[   20.152067] cloud-init[811]: Cloud-init v. 23.1.2-0ubuntu0~18.04.1 running 'init-local' at Thu, 30 Apr 2026 21:44:19 +0000. Up 19.37 seconds.
[[0;32m  OK  [0m] Started Initial cloud-init job (pre-networking).
[[0;32m  OK  [0m] Reached target Network (Pre).
         Starting Network Service...
[[0;32m  OK  [0m] Started Network Service.
         Starting Wait for Network to be Configured...
         Starting Network Name Resolution...
[[0;32m  OK  [0m] Started Network Name Resolution.
[[0;32m  OK  [0m] Reached target Network.
[[0;32m  OK  [0m] Reached target Host and Network Name Lookups.
[[0;32m  OK  [0m] Started Wait for Network to be Configured.
         Starting Initial cloud-init job (metadata service crawler)...
[   23.251288] cloud-init[952]: Cloud-init v. 23.1.2-0ubuntu0~18.04.1 running 'init' at Thu, 30 Apr 2026 21:44:22 +0000. Up 23.02 seconds.
[   23.257100] cloud-init[952]: ci-info: ++++++++++++++++++++++++++++++++++++++Net device info+++++++++++++++++++++++++++++++++++++++
[   23.263480] cloud-init[952]: ci-info: +--------+-------+----------------------------+---------------+--------+-------------------+
[   23.269708] cloud-init[952]: ci-info: | Device |   Up  |          Address           |      Mask     | Scope  |     Hw-Address    |
[   23.275329] cloud-init[952]: ci-info: +--------+-------+----------------------------+---------------+--------+-------------------+
[   23.281111] cloud-init[952]: ci-info: | enp0s3 |  True |         10.0.2.15          | 255.255.255.0 | global | 02:3b:7b:b7:3b:2d |
[   23.287543] cloud-init[952]: ci-info: | enp0s3 |  True | fe80::3b:7bff:feb7:3b2d/64 |       .       |  link  | 02:3b:7b:b7:3b:2d |
[   23.293281] cloud-init[952]: ci-info: | enp0s8 | False |             .              |       .       |   .    | 08:00:27:3e:d6:c0 |
[   23.299614] cloud-init[952]: ci-info: | enp0s9 | False |             .              |       .       |   .    | 08:00:27:7f:61:42 |
[   23.306920] cloud-init[952]: ci-info: |   lo   |  True |         127.0.0.1          |   255.0.0.0   |  host  |         .         |
[   23.312848] cloud-init[952]: ci-info: |   lo   |  True |          ::1/128           |       .       |  host  |         .         |
[   23.320104] cloud-init[952]: ci-info: +--------+-------+----------------------------+---------------+--------+-------------------+
[   23.325891] cloud-init[952]: ci-info: ++++++++++++++++++++++++++++Route IPv4 info+++++++++++++++++++++++++++++
[   23.330715] cloud-init[952]: ci-info: +-------+-------------+----------+-----------------+-----------+-------+
[   23.336635] cloud-init[952]: ci-info: | Route | Destination | Gateway  |     Genmask     | Interface | Flags |
[   23.342309] cloud-init[952]: ci-info: +-------+-------------+----------+-----------------+-----------+-------+
[   23.348500] cloud-init[952]: ci-info: |   0   |   0.0.0.0   | 10.0.2.2 |     0.0.0.0     |   enp0s3  |   UG  |
[   23.354960] cloud-init[952]: ci-info: |   1   |   10.0.2.0  | 0.0.0.0  |  255.255.255.0  |   enp0s3  |   U   |
[   23.361168] cloud-init[952]: ci-info: |   2   |   10.0.2.2  | 0.0.0.0  | 255.255.255.255 |   enp0s3  |   UH  |
[   23.366699] cloud-init[952]: ci-info: +-------+-------------+----------+-----------------+-----------+-------+
[   23.372537] cloud-init[952]: ci-info: +++++++++++++++++++Route IPv6 info+++++++++++++++++++
[   23.377337] cloud-init[952]: ci-info: +-------+-------------+---------+-----------+-------+
[   23.382173] cloud-init[952]: ci-info: | Route | Destination | Gateway | Interface | Flags |
[   23.387721] cloud-init[952]: ci-info: +-------+-------------+---------+-----------+-------+
[   23.393266] cloud-init[952]: ci-info: |   1   |  fe80::/64  |    ::   |   enp0s3  |   U   |
[   23.398738] cloud-init[952]: ci-info: |   3   |    local    |    ::   |   enp0s3  |   U   |
[   23.402465] cloud-init[952]: ci-info: |   4   |   ff00::/8  |    ::   |   enp0s3  |   U   |
[   23.405827] cloud-init[952]: ci-info: +-------+-------------+---------+-----------+-------+
[   24.190648] cloud-init[952]: Generating public/private rsa key pair.
[   24.194441] cloud-init[952]: Your identification has been saved in /etc/ssh/ssh_host_rsa_key.
[   24.198400] cloud-init[952]: Your public key has been saved in /etc/ssh/ssh_host_rsa_key.pub.
[   24.202280] cloud-init[952]: The key fingerprint is:
[   24.206746] cloud-init[952]: SHA256:KBlNoL3juIwpjHdGYCaQ549TIlbUOo0ptmQ2mYPSY6s root@ubuntu-bionic
[   24.212321] cloud-init[952]: The key's randomart image is:
[   24.215716] cloud-init[952]: +---[RSA 2048]----+
[   24.219388] cloud-init[952]: | ...o..          |
[   24.222508] cloud-init[952]: |o .+ +           |
[   24.225769] cloud-init[952]: |o+= B .          |
[   24.229166] cloud-init[952]: |=%X=.= .         |
[   24.232506] cloud-init[952]: |B*=O* . S        |
[   24.235581] cloud-init[952]: | .+ooo           |
[   24.239505] cloud-init[952]: |o..o.            |
[   24.242575] cloud-init[952]: |E=..o            |
[   24.246005] cloud-init[952]: |+.oo             |
[   24.249030] cloud-init[952]: +----[SHA256]-----+
[   24.253023] cloud-init[952]: Generating public/private dsa key pair.
[   24.256567] cloud-init[952]: Your identification has been saved in /etc/ssh/ssh_host_dsa_key.
[   24.261513] cloud-init[952]: Your public key has been saved in /etc/ssh/ssh_host_dsa_key.pub.
[   24.266092] cloud-init[952]: The key fingerprint is:
[   24.270637] cloud-init[952]: SHA256:IwtC7o4vt7CGxUDoXqT3lUDFEGhFHYZSBbKQWuQLD+w root@ubuntu-bionic
[   24.275345] cloud-init[952]: The key's randomart image is:
[   24.278834] cloud-init[952]: +---[DSA 1024]----+
[   24.282582] cloud-init[952]: |.oo.*OX=.        |
[   24.286220] cloud-init[952]: |o+o=oo.o         |
[[0;32m  OK  [0m] Started Initial cloud-init job (metadata service crawler).
[   24.292775] [[0;32m  OK  [0m] Reached target Cloud-config availability.
[[0;32m  OK  [0m] Reached target Network is Online.
[[0;32m  OK  [0m] Reached target Remote File Systems (Pre).
[[0;32m  OK  [0m] Reached target Remote File Systems.
cloud-init         Starting Availability of block devices...
[[0;32m  OK  [0m] Reached target System Initialization.
[[0;32m  OK  [0m] Started Message of the Day.
[[0;32m  OK  [0m] Listening on D-Bus System Message Bus Socket.
[[0;32m  OK  [0m] Listening on Open-iSCSI iscsid Socket.
[952]: |*o*.. . .        |
[   24.312440] cloud-init[952]: |+O +   o         |         Starting Socket activation for snappy daemon.
[[0;32m  OK  [0m] Started Daily apt download activities.

[   24.321630] [[0;32m  OK  [0m] Started ACPI Events Check.
[[0;32m  OK  [0m] Listening on ACPID Listen Socket.
[[0;32m  OK  [0m] Started Discard unused blocks once a week.
[[0;32m  OK  [0m] Listening on cloud-init hotplug hook socket.
[[0;32m  OK  [0m] Started Daily Cleanup of Temporary Directories.
[[0;32m  OK  [0m] Reached target Paths.
[[0;32m  OK  [0m] Started Ubuntu Advantage Timer for running repeated jobs.
cloud-init[952]:          Starting LXD - unix socket.
[[0;32m  OK  [0m] Listening on UUID daemon activation socket.
[|.EB o o S        |
[   24.345186] cloud-init[0;32m  OK  [0m] Started Daily apt upgrade and clean activities.
[[0;32m  OK  [0m] Reached target Timers.
[952]: [[0;32m  OK  [0m] Started Availability of block devices.
[[0;32m  OK  [0m] Listening on Socket activation for snappy daemon.
[[0;32m  OK  [0m] Listening on LXD - unix socket.
[[0;32m  OK  [0m] Reached target Sockets.
[[0;32m  OK  [0m] Reached target Basic System.
| oo. o o .       |
         Starting LXD - container startup/shutdown...
         Starting System Logging Service...
[   24.367133] [[0;32m  OK  [0m] Started D-Bus System Message Bus.
cloud-init[952]: |o..   .          |
[   24.384097] cloud-init[952]: |o*.              |
[   24.391256] cloud-init[952]: |+++.             |
[   24.396945] cloud-init[952]: +----[SHA256]-----+
[   24.402014] cloud-init[952]: Generating public/private ecdsa key pair.
[   24.407582] cloud-init[952]: Your identification has been saved in /etc/ssh/ssh_host_ecdsa_key.
[   24.414087] cloud-init[952]: Your public key has been saved in /etc/ssh/ssh_host_ecdsa_key.pub.
[   24.426693] cloud-init[952]: The key fingerprint is:
[   24.432054] cloud-init[952]: SHA256:uFYKisSHpFplUi3tdk1eO8ccgrnCSFa9zIKsOnYgCn8 root@ubuntu-bionic
[   24.438256] cloud-init[952]: The key's randomart image is:
[   24.443330] cloud-init[952]: +---[ECDSA 256]---+
[   24.448789] cloud-init[952]: |    .o ... o     |
[   24.457655] cloud-init[952]: |   .. =   = o .  |
[   24.463071] cloud-init[952]: | .. o* + * + = . |
[   24.467991] cloud-init[952]: |+ .+  *.= B o +  |
[   24.473411] cloud-init[952]: |.+...o..So   o   |
[   24.477610] cloud-init[952]: |=oo... +         |
[   24.482872] cloud-init[952]: |=o.o  +          |
[   24.492758] cloud-init[952]: |. = E.           |
[   24.496834] cloud-init[952]: | . +             |
[   24.502308] cloud-init[952]: +----[SHA256]-----+
[   24.506250] cloud-init[952]: Generating public/private ed25519 key pair.
[   24.510934] cloud-init[952]: Your identification has been saved in /etc/ssh/ssh_host_ed25519_key.
[   24.515935] cloud-init[952]: Your public key has been saved in /etc/ssh/ssh_host_ed25519_key.pub.
[   24.521156] cloud-init[952]: The key fingerprint is:
[   24.524882] cloud-init[952]: SHA256:Bh3NUo14bxotxB81UkRZBRomgM8Ra8XsforQsCJ1/x0 root@ubuntu-bionic
[   24.530587] cloud-init[952]: The key's randomart image is:
[   24.534482]          Starting Permit User Sessions...
         Starting LSB: Record successful boot for GRUB...
cloud-init[952]: +--[ED25519 256]--+
[   24.544406] cloud-init[952]: |       .+@+o+=B++|
[   24.547708] cloud-init[952]: |      ..++Xoo+.. |
[   24.551942] cloud-init[952]: |      .o+* +..   |
[   24.555670] cloud-init[952]: |    . ooo + =    |
[   24.559982] cloud-init[952]: |   . . =S. =     |
[   24.563701] cloud-init[952]: |  . . o.o o E    |
[   24.567166] cloud-init[952]: |   . . . o + .   |
[   24.570815] cloud-init[952]: |        . o .    |
[   24.575668] cloud-init[952]: |                 |
[   24.579755] cloud-init[952]: +----[SHA256]-----+
[[0;32m  OK  [0m] Started irqbalance daemon.
         Starting Dispatcher daemon for systemd-networkd...
[[0;32m  OK  [0m] Started FUSE filesystem for LXC.
[[0;32m  OK  [0m] Started Deferred execution scheduler.
         Starting Accounts Service...
[[0;32m  OK  [0m] Reached target Login Prompts (Pre).
         Starting Login Service...
[[0;32m  OK  [0m] Started Regular background program processing daemon.
         Starting LSB: automatic crash report generation...
         Starting Snap Daemon...
         Starting Pollinate to seed the pseudo random number generator...
         Starting Virtualbox guest utils...
[[0;32m  OK  [0m] Started System Logging Service.
[[0;32m  OK  [0m] Started LXD - container startup/shutdown.
[[0;32m  OK  [0m] Started Permit User Sessions.
         Starting Hold until boot process finishes up...
         Starting Terminate Plymouth Boot Screen...
[[0;32m  OK  [0m] Started Login Service.
[[0;32m  OK  [0m] Started Unattended Upgrades Shutdown.
[[0;32m  OK  [0m] Started Hold until boot process finishes up.
[[0;32m  OK  [0m] Started Terminate Plymouth Boot Screen.
[[0;32m  OK  [0m] Started Serial Getty on ttyS0.
         Starting Set console scheme...
[[0;32m  OK  [0m] Started Set console scheme.
[[0;32m  OK  [0m] Created slice system-getty.slice.
[[0;32m  OK  [0m] Started Getty on tty1.
[[0;32m  OK  [0m] Reached target Login Prompts.
         Starting Authorization Manager...
[[0;32m  OK  [0m] Started LSB: Record successful boot for GRUB.
[[0;32m  OK  [0m] Started LSB: automatic crash report generation.
[[0;32m  OK  [0m] Started Authorization Manager.
[[0;32m  OK  [0m] Started Accounts Service.
[[0;32m  OK  [0m] Started Virtualbox guest utils.
[[0;32m  OK  [0m] Started Dispatcher daemon for systemd-networkd.
[[0;32m  OK  [0m] Started Snap Daemon.
         Starting Wait until snapd is fully seeded...
[[0;32m  OK  [0m] Started Pollinate to seed the pseudo random number generator.
         Starting OpenBSD Secure Shell server...
[[0;32m  OK  [0m] Started OpenBSD Secure Shell server.
         Starting Time & Date Service...
[[0;32m  OK  [0m] Started Time & Date Service.
[[0;32m  OK  [0m] Created slice User Slice of vagrant.
         Starting User Manager for UID 1000...
[[0;32m  OK  [0m] Started Session 1 of user vagrant.
[[0;32m  OK  [0m] Started User Manager for UID 1000.
[[0;32m  OK  [0m] Started Wait until snapd is fully seeded.
         Starting Apply the settings specified in cloud-config...

Ubuntu 18.04.6 LTS ubuntu-bionic ttyS0

ubuntu-bionic login: [   31.040194] cloud-init[1445]: Cloud-init v. 23.1.2-0ubuntu0~18.04.1 running 'modules:config' at Thu, 30 Apr 2026 21:44:28 +0000. Up 28.78 seconds.
ci-info: no authorized SSH keys fingerprints found for user ubuntu.
<14>Apr 30 21:44:32 cloud-init: #############################################################
<14>Apr 30 21:44:32 cloud-init: -----BEGIN SSH HOST KEY FINGERPRINTS-----
<14>Apr 30 21:44:32 cloud-init: 1024 SHA256:IwtC7o4vt7CGxUDoXqT3lUDFEGhFHYZSBbKQWuQLD+w root@ubuntu-bionic (DSA)
<14>Apr 30 21:44:32 cloud-init: 256 SHA256:uFYKisSHpFplUi3tdk1eO8ccgrnCSFa9zIKsOnYgCn8 root@ubuntu-bionic (ECDSA)
<14>Apr 30 21:44:32 cloud-init: 256 SHA256:Bh3NUo14bxotxB81UkRZBRomgM8Ra8XsforQsCJ1/x0 root@ubuntu-bionic (ED25519)
<14>Apr 30 21:44:32 cloud-init: 2048 SHA256:KBlNoL3juIwpjHdGYCaQ549TIlbUOo0ptmQ2mYPSY6s root@ubuntu-bionic (RSA)
<14>Apr 30 21:44:32 cloud-init: -----END SSH HOST KEY FINGERPRINTS-----
<14>Apr 30 21:44:32 cloud-init: #############################################################
-----BEGIN SSH HOST KEY KEYS-----
ecdsa-sha2-nistp256 AAAAE2VjZHNhLXNoYTItbmlzdHAyNTYAAAAIbmlzdHAyNTYAAABBBPyGWjosb9UVKnb9bLQ3dW2UJN3P1IJ5EyBSOxLxdbEUxT9XMgM64KdiL7MUdPHYdnGOnxEOYez6/YJACqB7MuE= root@ubuntu-bionic
ssh-ed25519 AAAAC3NzaC1lZDI1NTE5AAAAIHrjNovqp9l+BhNX6z40o2B9HX5114AH6cW4i2Oepk5J root@ubuntu-bionic
ssh-rsa AAAAB3NzaC1yc2EAAAADAQABAAABAQCosm77tJsnrkm+7BV5JIgucOjqjy7sIr7KD/Ue4omyLpDfQTJKun+goAMwobDakwxbR8n/cuONbHi7czA4nfNYcpXONNR9eX5stcqwp1aMTekbsju8/0tYLaKETGonho3zsudrvbrAvaLg5JXpiNCZCOz+jkVy4Mln2cvJ8gPFV3UF7VNyWV6EYC7SDiDbs+iAlrh3lvdJWHkxGNFH0pQuUTDT/SZWs7xR1j/sUeoOrdu3CAyaW5Fv/OGrhdr/SWy+6st6gBMr4/cctxYY74Uh91N7CkWPvYX94kh9XbQWXqpdfAAbwR4tWup9CUOcr2CAa9PWLBS3TtieBpD+llmv root@ubuntu-bionic
-----END SSH HOST KEY KEYS-----
[   32.900075] cloud-init[1607]: Cloud-init v. 23.1.2-0ubuntu0~18.04.1 running 'modules:final' at Thu, 30 Apr 2026 21:44:32 +0000. Up 32.42 seconds.
[   32.900365] cloud-init[1607]: Cloud-init v. 23.1.2-0ubuntu0~18.04.1 finished at Thu, 30 Apr 2026 21:44:32 +0000. Datasource DataSourceNoCloud [seed=/dev/sdb][dsmode=net].  Up 32.80 seconds
[[0;32m  OK  [0m] Stopped target Graphical Interface.
[[0;32m  OK  [0m] Stopped target Timers.
[[0;32m  OK  [0m] Stopped Daily apt upgrade and clean activities.
[[0;32m  OK  [0m] Stopped Ubuntu Advantage Timer for running repeated jobs.
[[0;32m  OK  [0m] Stopped Message of the Day.
[[0;32m  OK  [0m] Stopped Discard unused blocks once a week.
[[0;32m  OK  [0m] Stopped target Cloud-init target.
         Stopping Availability of block devices...
[[0;32m  OK  [0m] Stopped target Host and Network Name Lookups.
[[0;32m  OK  [0m] Closed Load/Save RF Kill Switch Status /dev/rfkill Watch.
         Stopping Session 9 of user vagrant.
         Stopping Authorization Manager...
[[0;32m  OK  [0m] Stopped Execute cloud user/final scripts.
[[0;32m  OK  [0m] Stopped target Multi-User System.
         Stopping LSB: Record successful boot for GRUB...
         Stopping Docker Application Container Engine...
         Stopping LXD - container startup/shutdown...
         Stopping System Logging Service...
         Stopping LSB: automatic crash report generation...
         Stopping FUSE filesystem for LXC...
         Stopping D-Bus System Message Bus...
         Stopping OpenBSD Secure Shell server...
[[0;32m  OK  [0m] Stopped target Login Prompts.
         Stopping Getty on tty1...
         Stopping Virtualbox guest utils...
         Stopping Dispatcher daemon for systemd-networkd...
         Stopping Regular background program processing daemon...
         Stopping Deferred execution scheduler...
[[0;32m  OK  [0m] Stopped Apply the settings specified in cloud-config.
[[0;32m  OK  [0m] Stopped target Cloud-config availability.
         Stopping Accounts Service...
         Stopping Serial Getty on ttyS0...
[[0;32m  OK  [0m] Stopped Daily apt download activities.
[[0;32m  OK  [0m] Stopped target System Time Synchronized.
[[0;32m  OK  [0m] Stopped Wait until snapd is fully seeded.
         Stopping irqbalance daemon...
[[0;32m  OK  [0m] Stopped Daily Cleanup of Temporary Directories.
         Stopping User Manager for UID 1000...
[[0;32m  OK  [0m] Unmounted /var/lib/lxcfs.
[[0;32m  OK  [0m] Stopped System Logging Service.
[[0;32m  OK  [0m] Stopped irqbalance daemon.
[[0;32m  OK  [0m] Stopped Dispatcher daemon for systemd-networkd.
[[0;32m  OK  [0m] Stopped Deferred execution scheduler.
[[0;32m  OK  [0m] Stopped Accounts Service.
[[0;32m  OK  [0m] Stopped Regular background program processing daemon.
[[0;32m  OK  [0m] Stopped Serial Getty on ttyS0.
[[0;32m  OK  [0m] Stopped Getty on tty1.
[[0;32m  OK  [0m] Stopped Authorization Manager.
[[0;32m  OK  [0m] Stopped User Manager for UID 1000.
[[0;32m  OK  [0m] Stopped FUSE filesystem for LXC.
[[0;32m  OK  [0m] Stopped Session 9 of user vagrant.
[[0;32m  OK  [0m] Stopped D-Bus System Message Bus.
[[0;32m  OK  [0m] Removed slice User Slice of vagrant.
         Stopping Login Service...
[[0;32m  OK  [0m] Removed slice system-getty.slice.
[[0;32m  OK  [0m] Stopped target Login Prompts (Pre).
[[0;32m  OK  [0m] Removed slice system-serial\x2dgetty.slice.
         Stopping Permit User Sessions...
[[0;32m  OK  [0m] Stopped LXD - container startup/shutdown.
[[0;32m  OK  [0m] Stopped Availability of block devices.
[[0;32m  OK  [0m] Stopped Permit User Sessions.
[[0;32m  OK  [0m] Stopped LSB: Record successful boot for GRUB.
[[0;32m  OK  [0m] Stopped Virtualbox guest utils.
[[0;32m  OK  [0m] Stopped LSB: automatic crash report generation.
[[0;32m  OK  [0m] Stopped target Remote File Systems.
         Unmounting /vagrant...
[[0;32m  OK  [0m] Unmounted /vagrant.
[[0;32m  OK  [0m] Stopped target Remote File Systems (Pre).
[[0;32m  OK  [0m] Stopped Login Service.
[[0;32m  OK  [0m] Stopped target User and Group Name Lookups.
[[0;32m  OK  [0m] Unmounted /run/docker/netns/cf708fcc3861.
[[0;32m  OK  [0m] Unmounted /var/lib/docker/overlay2/…2bcbfcd5c6213d884f0164dc42/merged.
[[0;32m  OK  [0m] Unmounted /run/docker/netns/5338ae1f7602.
[[0;32m  OK  [0m] Unmounted /var/lib/docker/overlay2/…0cf2fe39afa14183a8493d47dd/merged.
[[0;32m  OK  [0m] Stopped Docker Application Container Engine.
         Stopping containerd container runtime...
[[0;32m  OK  [0m] Stopped target Network is Online.
[[0;32m  OK  [0m] Stopped containerd container runtime.
[[0m[0;31m*     [0m] A stop job is running for OpenBSD Secure Shell server (6s / 1min 30s)[K[[0;1;31m*[0m[0;31m*    [0m] A stop job is running for OpenBSD Secure Shell server (7s / 1min 30s)[K[[0;31m*[0;1;31m*[0m[0;31m*   [0m] A stop job is running for OpenBSD Secure Shell server (7s / 1min 30s)[K[ [0;31m*[0;1;31m*[0m[0;31m*  [0m] A stop job is running for OpenBSD Secure Shell server (8s / 1min 30s)[K[  [0;31m*[0;1;31m*[0m[0;31m* [0m] A stop job is running for OpenBSD Secure Shell server (8s / 1min 30s)[K[   [0;31m*[0;1;31m*[0m[0;31m*[0m] A stop job is running for OpenBSD Secure Shell server (9s / 1min 30s)[K[    [0;31m*[0;1;31m*[0m] A stop job is running for OpenBSD Secure Shell server (9s / 1min 30s)[K[     [0;31m*[0m] A stop job is running for OpenBSD Secure Shell server (10s / 1min 30s)[K[    [0;31m*[0;1;31m*[0m] A stop job is running for OpenBSD Secure Shell server (10s / 1min 30s)[K[   [0;31m*[0;1;31m*[0m[0;31m*[0m] A stop job is running for OpenBSD Secure Shell server (11s / 1min 30s)[K[  [0;31m*[0;1;31m*[0m[0;31m* [0m] A stop job is running for OpenBSD Secure Shell server (11s / 1min 30s)[K[ [0;31m*[0;1;31m*[0m[0;31m*  [0m] A stop job is running for OpenBSD Secure Shell server (12s / 1min 30s)[K[[0;31m*[0;1;31m*[0m[0;31m*   [0m] A stop job is running for OpenBSD Secure Shell server (12s / 1min 30s)[K[[0;1;31m*[0m[0;31m*    [0m] A stop job is running for OpenBSD Secure Shell server (13s / 1min 30s)[K[[0m[0;31m*     [0m] A stop job is running for OpenBSD Secure Shell server (13s / 1min 30s)[K[[0;1;31m*[0m[0;31m*    [0m] A stop job is running for OpenBSD Secure Shell server (14s / 1min 30s)[K[[0;31m*[0;1;31m*[0m[0;31m*   [0m] A stop job is running for OpenBSD Secure Shell server (14s / 1min 30s)[K[ [0;31m*[0;1;31m*[0m[0;31m*  [0m] A stop job is running for OpenBSD Secure Shell server (15s / 1min 30s)[K[  [0;31m*[0;1;31m*[0m[0;31m* [0m] A stop job is running for OpenBSD Secure Shell server (15s / 1min 30s)[K[   [0;31m*[0;1;31m*[0m[0;31m*[0m] A stop job is running for OpenBSD Secure Shell server (16s / 1min 30s)[K[    [0;31m*[0;1;31m*[0m] A stop job is running for OpenBSD Secure Shell server (16s / 1min 30s)[K[     [0;31m*[0m] A stop job is running for OpenBSD Secure Shell server (17s / 1min 30s)[K[    [0;31m*[0;1;31m*[0m] A stop job is running for OpenBSD Secure Shell server (17s / 1min 30s)[K[   [0;31m*[0;1;31m*[0m[0;31m*[0m] A stop job is running for OpenBSD Secure Shell server (18s / 1min 30s)[K[  [0;31m*[0;1;31m*[0m[0;31m* [0m] A stop job is running for OpenBSD Secure Shell server (18s / 1min 30s)[K[ [0;31m*[0;1;31m*[0m[0;31m*  [0m] A stop job is running for OpenBSD Secure Shell server (19s / 1min 30s)[K[[0;31m*[0;1;31m*[0m[0;31m*   [0m] A stop job is running for OpenBSD Secure Shell server (19s / 1min 30s)[K[[0;1;31m*[0m[0;31m*    [0m] A stop job is running for OpenBSD Secure Shell server (20s / 1min 30s)[K[[0m[0;31m*     [0m] A stop job is running for OpenBSD Secure Shell server (20s / 1min 30s)[K[[0;1;31m*[0m[0;31m*    [0m] A stop job is running for OpenBSD Secure Shell server (21s / 1min 30s)[K[[0;31m*[0;1;31m*[0m[0;31m*   [0m] A stop job is running for OpenBSD Secure Shell server (21s / 1min 30s)[K[ [0;31m*[0;1;31m*[0m[0;31m*  [0m] A stop job is running for OpenBSD Secure Shell server (22s / 1min 30s)[K[  [0;31m*[0;1;31m*[0m[0;31m* [0m] A stop job is running for OpenBSD Secure Shell server (22s / 1min 30s)[K[   [0;31m*[0;1;31m*[0m[0;31m*[0m] A stop job is running for OpenBSD Secure Shell server (23s / 1min 30s)[K[    [0;31m*[0;1;31m*[0m] A stop job is running for OpenBSD Secure Shell server (23s / 1min 30s)[K[     [0;31m*[0m] A stop job is running for OpenBSD Secure Shell server (24s / 1min 30s)[K[    [0;31m*[0;1;31m*[0m] A stop job is running for OpenBSD Secure Shell server (24s / 1min 30s)[K[   [0;31m*[0;1;31m*[0m[0;31m*[0m] A stop job is running for OpenBSD Secure Shell server (25s / 1min 30s)[K[  [0;31m*[0;1;31m*[0m[0;31m* [0m] A stop job is running for OpenBSD Secure Shell server (25s / 1min 30s)[K[ [0;31m*[0;1;31m*[0m[0;31m*  [0m] A stop job is running for OpenBSD Secure Shell server (26s / 1min 30s)[K[[0;31m*[0;1;31m*[0m[0;31m*   [0m] A stop job is running for OpenBSD Secure Shell server (26s / 1min 30s)[K[[0;1;31m*[0m[0;31m*    [0m] A stop job is running for OpenBSD Secure Shell server (27s / 1min 30s)[K[[0m[0;31m*     [0m] A stop job is running for OpenBSD Secure Shell server (27s / 1min 30s)[K[[0;1;31m*[0m[0;31m*    [0m] A stop job is running for OpenBSD Secure Shell server (28s / 1min 30s)[K[[0;31m*[0;1;31m*[0m[0;31m*   [0m] A stop job is running for OpenBSD Secure Shell server (28s / 1min 30s)[K[ [0;31m*[0;1;31m*[0m[0;31m*  [0m] A stop job is running for OpenBSD Secure Shell server (29s / 1min 30s)[K[  [0;31m*[0;1;31m*[0m[0;31m* [0m] A stop job is running for OpenBSD Secure Shell server (29s / 1min 30s)[K[   [0;31m*[0;1;31m*[0m[0;31m*[0m] A stop job is running for OpenBSD Secure Shell server (30s / 1min 30s)[K[    [0;31m*[0;1;31m*[0m] A stop job is running for OpenBSD Secure Shell server (30s / 1min 30s)[K[     [0;31m*[0m] A stop job is running for OpenBSD Secure Shell server (31s / 1min 30s)[K[    [0;31m*[0;1;31m*[0m] A stop job is running for OpenBSD Secure Shell server (31s / 1min 30s)[K[   [0;31m*[0;1;31m*[0m[0;31m*[0m] A stop job is running for OpenBSD Secure Shell server (32s / 1min 30s)[K[  [0;31m*[0;1;31m*[0m[0;31m* [0m] A stop job is running for OpenBSD Secure Shell server (32s / 1min 30s)[K[ [0;31m*[0;1;31m*[0m[0;31m*  [0m] A stop job is running for OpenBSD Secure Shell server (33s / 1min 30s)[K[[0;31m*[0;1;31m*[0m[0;31m*   [0m] A stop job is running for OpenBSD Secure Shell server (33s / 1min 30s)[K[[0;1;31m*[0m[0;31m*    [0m] A stop job is running for OpenBSD Secure Shell server (34s / 1min 30s)[K[[0m[0;31m*     [0m] A stop job is running for OpenBSD Secure Shell server (34s / 1min 30s)[K[[0;1;31m*[0m[0;31m*    [0m] A stop job is running for OpenBSD Secure Shell server (35s / 1min 30s)[K[[0;31m*[0;1;31m*[0m[0;31m*   [0m] A stop job is running for OpenBSD Secure Shell server (35s / 1min 30s)[K[ [0;31m*[0;1;31m*[0m[0;31m*  [0m] A stop job is running for OpenBSD Secure Shell server (36s / 1min 30s)[K[  [0;31m*[0;1;31m*[0m[0;31m* [0m] A stop job is running for OpenBSD Secure Shell server (36s / 1min 30s)[K[   [0;31m*[0;1;31m*[0m[0;31m*[0m] A stop job is running for OpenBSD Secure Shell server (37s / 1min 30s)[K[    [0;31m*[0;1;31m*[0m] A stop job is running for OpenBSD Secure Shell server (37s / 1min 30s)[K[     [0;31m*[0m] A stop job is running for OpenBSD Secure Shell server (38s / 1min 30s)[K[    [0;31m*[0;1;31m*[0m] A stop job is running for OpenBSD Secure Shell server (38s / 1min 30s)[K[   [0;31m*[0;1;31m*[0m[0;31m*[0m] A stop job is running for OpenBSD Secure Shell server (39s / 1min 30s)[K[  [0;31m*[0;1;31m*[0m[0;31m* [0m] A stop job is running for OpenBSD Secure Shell server (39s / 1min 30s)[K[ [0;31m*[0;1;31m*[0m[0;31m*  [0m] A stop job is running for OpenBSD Secure Shell server (40s / 1min 30s)[K[[0;31m*[0;1;31m*[0m[0;31m*   [0m] A stop job is running for OpenBSD Secure Shell server (40s / 1min 30s)[K[[0;1;31m*[0m[0;31m*    [0m] A stop job is running for OpenBSD Secure Shell server (41s / 1min 30s)[K[[0m[0;31m*     [0m] A stop job is running for OpenBSD Secure Shell server (41s / 1min 30s)[K[[0;1;31m*[0m[0;31m*    [0m] A stop job is running for OpenBSD Secure Shell server (42s / 1min 30s)[K[[0;31m*[0;1;31m*[0m[0;31m*   [0m] A stop job is running for OpenBSD Secure Shell server (42s / 1min 30s)[K[ [0;31m*[0;1;31m*[0m[0;31m*  [0m] A stop job is running for OpenBSD Secure Shell server (43s / 1min 30s)[K[  [0;31m*[0;1;31m*[0m[0;31m* [0m] A stop job is running for OpenBSD Secure Shell server (43s / 1min 30s)[K[   [0;31m*[0;1;31m*[0m[0;31m*[0m] A stop job is running for OpenBSD Secure Shell server (44s / 1min 30s)[K[    [0;31m*[0;1;31m*[0m] A stop job is running for OpenBSD Secure Shell server (44s / 1min 30s)[K[     [0;31m*[0m] A stop job is running for OpenBSD Secure Shell server (45s / 1min 30s)[K[    [0;31m*[0;1;31m*[0m] A stop job is running for OpenBSD Secure Shell server (45s / 1min 30s)[K[   [0;31m*[0;1;31m*[0m[0;31m*[0m] A stop job is running for OpenBSD Secure Shell server (46s / 1min 30s)[K[  [0;31m*[0;1;31m*[0m[0;31m* [0m] A stop job is running for OpenBSD Secure Shell server (46s / 1min 30s)[K[ [0;31m*[0;1;31m*[0m[0;31m*  [0m] A stop job is running for OpenBSD Secure Shell server (47s / 1min 30s)[K[[0;31m*[0;1;31m*[0m[0;31m*   [0m] A stop job is running for OpenBSD Secure Shell server (47s / 1min 30s)[K[[0;1;31m*[0m[0;31m*    [0m] A stop job is running for OpenBSD Secure Shell server (48s / 1min 30s)[K[[0m[0;31m*     [0m] A stop job is running for OpenBSD Secure Shell server (48s / 1min 30s)[K[[0;1;31m*[0m[0;31m*    [0m] A stop job is running for OpenBSD Secure Shell server (49s / 1min 30s)[K[[0;31m*[0;1;31m*[0m[0;31m*   [0m] A stop job is running for OpenBSD Secure Shell server (49s / 1min 30s)[K[ [0;31m*[0;1;31m*[0m[0;31m*  [0m] A stop job is running for OpenBSD Secure Shell server (50s / 1min 30s)[K[  [0;31m*[0;1;31m*[0m[0;31m* [0m] A stop job is running for OpenBSD Secure Shell server (50s / 1min 30s)[K[   [0;31m*[0;1;31m*[0m[0;31m*[0m] A stop job is running for OpenBSD Secure Shell server (51s / 1min 30s)[K[    [0;31m*[0;1;31m*[0m] A stop job is running for OpenBSD Secure Shell server (51s / 1min 30s)[K[     [0;31m*[0m] A stop job is running for OpenBSD Secure Shell server (52s / 1min 30s)[K[    [0;31m*[0;1;31m*[0m] A stop job is running for OpenBSD Secure Shell server (52s / 1min 30s)[K[   [0;31m*[0;1;31m*[0m[0;31m*[0m] A stop job is running for OpenBSD Secure Shell server (53s / 1min 30s)[K[  [0;31m*[0;1;31m*[0m[0;31m* [0m] A stop job is running for OpenBSD Secure Shell server (53s / 1min 30s)[K[ [0;31m*[0;1;31m*[0m[0;31m*  [0m] A stop job is running for OpenBSD Secure Shell server (54s / 1min 30s)[K[[0;31m*[0;1;31m*[0m[0;31m*   [0m] A stop job is running for OpenBSD Secure Shell server (54s / 1min 30s)[K[[0;1;31m*[0m[0;31m*    [0m] A stop job is running for OpenBSD Secure Shell server (55s / 1min 30s)[K[[0m[0;31m*     [0m] A stop job is running for OpenBSD Secure Shell server (55s / 1min 30s)[K[[0;1;31m*[0m[0;31m*    [0m] A stop job is running for OpenBSD Secure Shell server (56s / 1min 30s)[K[[0;31m*[0;1;31m*[0m[0;31m*   [0m] A stop job is running for OpenBSD Secure Shell server (56s / 1min 30s)[K[ [0;31m*[0;1;31m*[0m[0;31m*  [0m] A stop job is running for OpenBSD Secure Shell server (57s / 1min 30s)[K[  [0;31m*[0;1;31m*[0m[0;31m* [0m] A stop job is running for OpenBSD Secure Shell server (57s / 1min 30s)[K[   [0;31m*[0;1;31m*[0m[0;31m*[0m] A stop job is running for OpenBSD Secure Shell server (58s / 1min 30s)[K[    [0;31m*[0;1;31m*[0m] A stop job is running for OpenBSD Secure Shell server (58s / 1min 30s)[K[     [0;31m*[0m] A stop job is running for OpenBSD Secure Shell server (59s / 1min 30s)[K[    [0;31m*[0;1;31m*[0m] A stop job is running for OpenBSD Secure Shell server (59s / 1min 30s)[K[   [0;31m*[0;1;31m*[0m[0;31m*[0m] A stop job is running for OpenBSD S…ure Shell server (1min / 1min 30s)