[    0.000000] Linux version 4.15.0-212-generic (buildd@lcy02-amd64-083) (gcc version 7.5.0 (Ubuntu 7.5.0-3ubuntu1~18.04)) #223-Ubuntu SMP Tue May 23 13:09:22 UTC 2023 (Ubuntu 4.15.0-212.223-generic 4.15.18)
[    0.000000] Command line: BOOT_IMAGE=/boot/vmlinuz-4.15.0-212-generic root=LABEL=cloudimg-rootfs ro console=tty1 console=ttyS0
[    0.000000] KERNEL supported cpus:
[    0.000000]   Intel GenuineIntel
[    0.000000]   AMD AuthenticAMD
[    0.000000]   Centaur CentaurHauls
[    0.000000] x86/fpu: Supporting XSAVE feature 0x001: 'x87 floating point registers'
[    0.000000] x86/fpu: Supporting XSAVE feature 0x002: 'SSE registers'
[    0.000000] x86/fpu: Supporting XSAVE feature 0x004: 'AVX registers'
[    0.000000] x86/fpu: xstate_offset[2]:  576, xstate_sizes[2]:  256
[    0.000000] x86/fpu: Enabled xstate features 0x7, context size is 832 bytes, using 'standard' format.
[    0.000000] e820: BIOS-provided physical RAM map:
[    0.000000] BIOS-e820: [mem 0x0000000000000000-0x000000000009fbff] usable
[    0.000000] BIOS-e820: [mem 0x000000000009fc00-0x000000000009ffff] reserved
[    0.000000] BIOS-e820: [mem 0x00000000000f0000-0x00000000000fffff] reserved
[    0.000000] BIOS-e820: [mem 0x0000000000100000-0x0000000063feffff] usable
[    0.000000] BIOS-e820: [mem 0x0000000063ff0000-0x0000000063ffffff] ACPI data
[    0.000000] BIOS-e820: [mem 0x00000000fec00000-0x00000000fec00fff] reserved
[    0.000000] BIOS-e820: [mem 0x00000000fee00000-0x00000000fee00fff] reserved
[    0.000000] BIOS-e820: [mem 0x00000000fffc0000-0x00000000ffffffff] reserved
[    0.000000] NX (Execute Disable) protection: active
[    0.000000] SMBIOS 2.5 present.
[    0.000000] DMI: innotek GmbH VirtualBox/VirtualBox, BIOS VirtualBox 12/01/2006
[    0.000000] Hypervisor detected: KVM
[    0.000000] e820: last_pfn = 0x63ff0 max_arch_pfn = 0x400000000
[    0.000000] MTRR: Disabled
[    0.000000] x86/PAT: MTRRs disabled, skipping PAT initialization too.
[    0.000000] CPU MTRRs all blank - virtualized system.
[    0.000000] x86/PAT: Configuration [0-7]: WB  WT  UC- UC  WB  WT  UC- UC  
[    0.000000] found SMP MP-table at [mem 0x0009fff0-0x0009ffff]
[    0.000000] Scanning 1 areas for low memory corruption
[    0.000000] RAMDISK: [mem 0x359cb000-0x36cdcfff]
[    0.000000] ACPI: Early table checksum verification disabled
[    0.000000] ACPI: RSDP 0x00000000000E0000 000024 (v02 VBOX  )
[    0.000000] ACPI: XSDT 0x0000000063FF0030 00003C (v01 VBOX   VBOXXSDT 00000001 ASL  00000061)
[    0.000000] ACPI: FACP 0x0000000063FF00F0 0000F4 (v04 VBOX   VBOXFACP 00000001 ASL  00000061)
[    0.000000] ACPI: DSDT 0x0000000063FF0610 002353 (v02 VBOX   VBOXBIOS 00000002 INTL 20200528)
[    0.000000] ACPI: FACS 0x0000000063FF0200 000040
[    0.000000] ACPI: FACS 0x0000000063FF0200 000040
[    0.000000] ACPI: APIC 0x0000000063FF0240 00005C (v02 VBOX   VBOXAPIC 00000001 ASL  00000061)
[    0.000000] ACPI: SSDT 0x0000000063FF02A0 00036C (v01 VBOX   VBOXCPUT 00000002 INTL 20200528)
[    0.000000] ACPI: Reserving FACP table memory at [mem 0x63ff00f0-0x63ff01e3]
[    0.000000] ACPI: Reserving DSDT table memory at [mem 0x63ff0610-0x63ff2962]
[    0.000000] ACPI: Reserving FACS table memory at [mem 0x63ff0200-0x63ff023f]
[    0.000000] ACPI: Reserving FACS table memory at [mem 0x63ff0200-0x63ff023f]
[    0.000000] ACPI: Reserving APIC table memory at [mem 0x63ff0240-0x63ff029b]
[    0.000000] ACPI: Reserving SSDT table memory at [mem 0x63ff02a0-0x63ff060b]
[    0.000000] No NUMA configuration found
[    0.000000] Faking a node at [mem 0x0000000000000000-0x0000000063feffff]
[    0.000000] NODE_DATA(0) allocated [mem 0x63fc5000-0x63feffff]
[    0.000000] kvm-clock: cpu 0, msr 0:63f44001, primary cpu clock
[    0.000000] kvm-clock: Using msrs 4b564d01 and 4b564d00
[    0.000000] kvm-clock: using sched offset of 4065338161 cycles
[    0.000000] clocksource: kvm-clock: mask: 0xffffffffffffffff max_cycles: 0x1cd42e4dffb, max_idle_ns: 881590591483 ns
[    0.000000] Zone ranges:
[    0.000000]   DMA      [mem 0x0000000000001000-0x0000000000ffffff]
[    0.000000]   DMA32    [mem 0x0000000001000000-0x0000000063feffff]
[    0.000000]   Normal   empty
[    0.000000]   Device   empty
[    0.000000] Movable zone start for each node
[    0.000000] Early memory node ranges
[    0.000000]   node   0: [mem 0x0000000000001000-0x000000000009efff]
[    0.000000]   node   0: [mem 0x0000000000100000-0x0000000063feffff]
[    0.000000] Reserved but unavailable: 104 pages
[    0.000000] Initmem setup node 0 [mem 0x0000000000001000-0x0000000063feffff]
[    0.000000] ACPI: PM-Timer IO Port: 0x4008
[    0.000000] IOAPIC[0]: apic_id 2, version 32, address 0xfec00000, GSI 0-23
[    0.000000] ACPI: INT_SRC_OVR (bus 0 bus_irq 0 global_irq 2 dfl dfl)
[    0.000000] ACPI: INT_SRC_OVR (bus 0 bus_irq 9 global_irq 9 low level)
[    0.000000] Using ACPI (MADT) for SMP configuration information
[    0.000000] smpboot: Allowing 2 CPUs, 0 hotplug CPUs
[    0.000000] PM: Registered nosave memory: [mem 0x00000000-0x00000fff]
[    0.000000] PM: Registered nosave memory: [mem 0x0009f000-0x0009ffff]
[    0.000000] PM: Registered nosave memory: [mem 0x000a0000-0x000effff]
[    0.000000] PM: Registered nosave memory: [mem 0x000f0000-0x000fffff]
[    0.000000] e820: [mem 0x64000000-0xfebfffff] available for PCI devices
[    0.000000] Booting paravirtualized kernel on KVM
[    0.000000] clocksource: refined-jiffies: mask: 0xffffffff max_cycles: 0xffffffff, max_idle_ns: 7645519600211568 ns
[    0.000000] setup_percpu: NR_CPUS:8192 nr_cpumask_bits:2 nr_cpu_ids:2 nr_node_ids:1
[    0.000000] percpu: Embedded 50 pages/cpu s167936 r8192 d28672 u1048576
[    0.000000] PV qspinlock hash table entries: 256 (order: 0, 4096 bytes)
[    0.000000] Built 1 zonelists, mobility grouping on.  Total pages: 403065
[    0.000000] Policy zone: DMA32
[    0.000000] Kernel command line: BOOT_IMAGE=/boot/vmlinuz-4.15.0-212-generic root=LABEL=cloudimg-rootfs ro console=tty1 console=ttyS0
[    0.000000] Memory: 1562228K/1637944K available (12300K kernel code, 2477K rwdata, 4324K rodata, 2480K init, 2720K bss, 75716K reserved, 0K cma-reserved)
[    0.000000] SLUB: HWalign=64, Order=0-3, MinObjects=0, CPUs=2, Nodes=1
[    0.000000] Kernel/User page tables isolation: enabled
[    0.000000] ftrace: allocating 39508 entries in 155 pages
[    0.004000] Hierarchical RCU implementation.
[    0.004000] 	RCU restricting CPUs from NR_CPUS=8192 to nr_cpu_ids=2.
[    0.004000] 	Tasks RCU enabled.
[    0.004000] RCU: Adjusting geometry for rcu_fanout_leaf=16, nr_cpu_ids=2
[    0.004000] NR_IRQS: 524544, nr_irqs: 440, preallocated irqs: 16
[    0.004000] random: crng init done
[    0.004000] Console: colour VGA+ 80x25
[    0.004000] console [tty1] enabled
[    0.004000] console [ttyS0] enabled
[    0.004000] ACPI: Core revision 20170831
[    0.004000] ACPI: 2 ACPI AML tables successfully acquired and loaded
[    0.004000] APIC: Switch to symmetric I/O mode setup
[    0.008934] x2apic enabled
[    0.012030] Switched APIC routing to physical x2apic.
[    0.020000] ..TIMER: vector=0x30 apic1=0 pin1=2 apic2=-1 pin2=-1
[    0.020033] tsc: Detected 2201.788 MHz processor
[    0.024014] Calibrating delay loop (skipped) preset value.. 4403.57 BogoMIPS (lpj=8807152)
[    0.028009] pid_max: default: 32768 minimum: 301
[    0.032079] Security Framework initialized
[    0.036008] Yama: becoming mindful.
[    0.040199] AppArmor: AppArmor initialized
[    0.059209] Dentry cache hash table entries: 262144 (order: 9, 2097152 bytes)
[    0.064807] Inode-cache hash table entries: 131072 (order: 8, 1048576 bytes)
[    0.068344] Mount-cache hash table entries: 4096 (order: 3, 32768 bytes)
[    0.072083] Mountpoint-cache hash table entries: 4096 (order: 3, 32768 bytes)
[    0.080489] Last level iTLB entries: 4KB 1024, 2MB 1024, 4MB 1024
[    0.084005] Last level dTLB entries: 4KB 1024, 2MB 1024, 4MB 1024, 1GB 4
[    0.088009] Spectre V1 : Mitigation: usercopy/swapgs barriers and __user pointer sanitization
[    0.092005] Spectre V2 : Mitigation: Retpolines
[    0.096005] Spectre V2 : Spectre v2 / SpectreRSB mitigation: Filling RSB on context switch
[    0.100005] Spectre V2 : Spectre v2 / SpectreRSB : Filling RSB on VMEXIT
[    0.104041] Speculative Store Bypass: Vulnerable
[    0.108095] MDS: Mitigation: Clear CPU buffers
[    0.112006] MMIO Stale Data: Unknown: No mitigations
[    0.116005] SRBDS: Unknown: Dependent on hypervisor status
[    0.120215] Freeing SMP alternatives memory: 36K
[    0.261344] APIC calibration not consistent with PM-Timer: 117ms instead of 100ms
[    0.264000] APIC delta adjusted to PM-Timer: 6414441 (7529891)
[    0.264234] smpboot: CPU0: Intel(R) Core(TM) i7-4770HQ CPU @ 2.20GHz (family: 0x6, model: 0x46, stepping: 0x1)
[    0.268272] Performance Events: unsupported p6 CPU model 70 no PMU driver, software events only.
[    0.272142] Hierarchical SRCU implementation.
[    0.280372] NMI watchdog: Perf event create on CPU 0 failed with -2
[    0.284004] NMI watchdog: Perf NMI watchdog permanently disabled
[    0.288200] smp: Bringing up secondary CPUs ...
[    0.292542] x86: Booting SMP configuration:
[    0.296007] .... node  #0, CPUs:      #1
[    0.004000] kvm-clock: cpu 1, msr 0:63f44041, secondary cpu clock
[    0.312187] smp: Brought up 1 node, 2 CPUs
[    0.316051] smpboot: Max logical packages: 1
[    0.320008] smpboot: Total of 2 processors activated (8807.15 BogoMIPS)
[    0.324308] devtmpfs: initialized
[    0.326321] x86/mm: Memory block size: 128MB
[    0.328339] evm: security.selinux
[    0.332005] evm: security.SMACK64
[    0.336006] evm: security.SMACK64EXEC
[    0.338913] evm: security.SMACK64TRANSMUTE
[    0.340007] evm: security.SMACK64MMAP
[    0.343511] evm: security.apparmor
[    0.344004] evm: security.ima
[    0.348005] evm: security.capability
[    0.352257] clocksource: jiffies: mask: 0xffffffff max_cycles: 0xffffffff, max_idle_ns: 7645041785100000 ns
[    0.356015] futex hash table entries: 512 (order: 3, 32768 bytes)
[    0.360109] pinctrl core: initialized pinctrl subsystem
[    0.368201] RTC time: 20:18:33, date: 04/30/26
[    0.371974] NET: Registered protocol family 16
[    0.372112] audit: initializing netlink subsys (disabled)
[    0.376091] audit: type=2000 audit(1777580317.999:1): state=initialized audit_enabled=0 res=1
[    0.380017] cpuidle: using governor ladder
[    0.384016] cpuidle: using governor menu
[    0.387195] ACPI: bus type PCI registered
[    0.388012] acpiphp: ACPI Hot Plug PCI Controller Driver version: 0.5
[    0.396457] PCI: Using configuration type 1 for base access
[    0.405300] HugeTLB registered 2.00 MiB page size, pre-allocated 0 pages
[    0.412717] ACPI: Added _OSI(Module Device)
[    0.416048] ACPI: Added _OSI(Processor Device)
[    0.420014] ACPI: Added _OSI(3.0 _SCP Extensions)
[    0.424004] ACPI: Added _OSI(Processor Aggregator Device)
[    0.428008] ACPI: Added _OSI(Linux-Dell-Video)
[    0.432007] ACPI: Added _OSI(Linux-Lenovo-NV-HDMI-Audio)
[    0.436009] ACPI: Added _OSI(Linux-HPI-Hybrid-Graphics)
[    0.440672] ACPI: Executed 1 blocks of module-level executable AML code
[    0.452642] ACPI: Interpreter enabled
[    0.456027] ACPI: (supports S0 S5)
[    0.460006] ACPI: Using IOAPIC for interrupt routing
[    0.464554] PCI: Using host bridge windows from ACPI; if necessary, use "pci=nocrs" and report a bug
[    0.468258] ACPI: Enabled 2 GPEs in block 00 to 07
[    0.488256] ACPI: PCI Root Bridge [PCI0] (domain 0000 [bus 00-ff])
[    0.496030] acpi PNP0A03:00: _OSC: OS supports [ASPM ClockPM Segments MSI]
[    0.500995] acpi PNP0A03:00: _OSC: not requesting OS control; OS requires [ExtendedConfig ASPM ClockPM MSI]
[    0.504024] acpi PNP0A03:00: fail to add MMCONFIG information, can't access extended PCI configuration space under this bridge.
[    0.512191] PCI host bridge to bus 0000:00
[    0.516048] pci_bus 0000:00: root bus resource [io  0x0000-0x0cf7 window]
[    0.520010] pci_bus 0000:00: root bus resource [io  0x0d00-0xffff window]
[    0.524009] pci_bus 0000:00: root bus resource [mem 0x000a0000-0x000bffff window]
[    0.528007] pci_bus 0000:00: root bus resource [mem 0x64000000-0xfdffffff window]
[    0.532010] pci_bus 0000:00: root bus resource [bus 00-ff]
[    0.548412] pci 0000:00:01.1: legacy IDE quirk: reg 0x10: [io  0x01f0-0x01f7]
[    0.552008] pci 0000:00:01.1: legacy IDE quirk: reg 0x14: [io  0x03f6]
[    0.556015] pci 0000:00:01.1: legacy IDE quirk: reg 0x18: [io  0x0170-0x0177]
[    0.560014] pci 0000:00:01.1: legacy IDE quirk: reg 0x1c: [io  0x0376]
[    0.632818] pci 0000:00:07.0: quirk: [io  0x4000-0x403f] claimed by PIIX4 ACPI
[    0.636052] pci 0000:00:07.0: quirk: [io  0x4100-0x410f] claimed by PIIX4 SMB
[    0.680878] ACPI: PCI Interrupt Link [LNKA] (IRQs 5 9 10 *11)
[    0.684834] ACPI: PCI Interrupt Link [LNKB] (IRQs 5 9 *10 11)
[    0.688355] ACPI: PCI Interrupt Link [LNKC] (IRQs 5 *9 10 11)
[    0.692395] ACPI: PCI Interrupt Link [LNKD] (IRQs 5 9 10 *11)
[    0.697168] SCSI subsystem initialized
[    0.700230] pci 0000:00:02.0: vgaarb: setting as boot VGA device
[    0.704000] pci 0000:00:02.0: vgaarb: VGA device added: decodes=io+mem,owns=io+mem,locks=none
[    0.704012] pci 0000:00:02.0: vgaarb: bridge control possible
[    0.708005] vgaarb: loaded
[    0.710650] ACPI: bus type USB registered
[    0.712034] usbcore: registered new interface driver usbfs
[    0.716039] usbcore: registered new interface driver hub
[    0.720022] usbcore: registered new device driver usb
[    0.724058] EDAC MC: Ver: 3.0.0
[    0.728259] PCI: Using ACPI for IRQ routing
[    0.732920] NetLabel: Initializing
[    0.736005] NetLabel:  domain hash size = 128
[    0.739127] NetLabel:  protocols = UNLABELED CIPSOv4 CALIPSO
[    0.740029] NetLabel:  unlabeled traffic allowed by default
[    0.748152] clocksource: Switched to clocksource kvm-clock
[    0.779635] VFS: Disk quotas dquot_6.6.0
[    0.782979] VFS: Dquot-cache hash table entries: 512 (order 0, 4096 bytes)
[    0.788357] AppArmor: AppArmor Filesystem Enabled
[    0.791528] pnp: PnP ACPI init
[    0.797418] pnp: PnP ACPI: found 3 devices
[    0.822111] clocksource: acpi_pm: mask: 0xffffff max_cycles: 0xffffff, max_idle_ns: 2085701024 ns
[    0.829097] NET: Registered protocol family 2
[    0.832341] IP idents hash table entries: 32768 (order: 6, 262144 bytes)
[    0.838497] TCP established hash table entries: 16384 (order: 5, 131072 bytes)
[    0.843476] TCP bind hash table entries: 16384 (order: 6, 262144 bytes)
[    0.848675] TCP: Hash tables configured (established 16384 bind 16384)
[    0.854790] UDP hash table entries: 1024 (order: 3, 32768 bytes)
[    0.858902] UDP-Lite hash table entries: 1024 (order: 3, 32768 bytes)
[    0.863313] NET: Registered protocol family 1
[    0.866219] pci 0000:00:00.0: Limiting direct PCI/PCI transfers
[    0.874472] pci 0000:00:01.0: Activating ISA DMA hang workarounds
[    0.891296] pci 0000:00:02.0: Video device with shadowed ROM at [mem 0x000c0000-0x000dffff]
[    0.897101] Unpacking initramfs...
[    1.398282] Freeing initrd memory: 19528K
[    1.401243] clocksource: tsc: mask: 0xffffffffffffffff max_cycles: 0x1fbccc0cb6b, max_idle_ns: 440795265367 ns
[    1.411437] platform rtc_cmos: registered platform RTC device (no PNP device found)
[    1.417245] Scanning for low memory corruption every 60 seconds
[    1.422781] Initialise system trusted keyrings
[    1.425805] Key type blacklist registered
[    1.429450] workingset: timestamp_bits=36 max_order=19 bucket_order=0
[    1.436376] zbud: loaded
[    1.439296] squashfs: version 4.0 (2009/01/31) Phillip Lougher
[    1.443808] fuse init (API version 7.26)
[    1.461574] Key type asymmetric registered
[    1.464358] Asymmetric key parser 'x509' registered
[    1.467996] Block layer SCSI generic (bsg) driver version 0.4 loaded (major 246)
[    1.473109] io scheduler noop registered
[    1.475825] io scheduler deadline registered
[    1.479211] io scheduler cfq registered (default)
[    1.483018] ACPI: AC Adapter [AC] (on-line)
[    1.486003] input: Power Button as /devices/LNXSYSTM:00/LNXPWRBN:00/input/input0
[    1.491537] ACPI: Power Button [PWRF]
[    1.494197] input: Sleep Button as /devices/LNXSYSTM:00/LNXSLPBN:00/input/input1
[    1.500093] ACPI: Sleep Button [SLPF]
[    1.504907] ACPI: Battery Slot [BAT0] (battery present)
[    1.505516] Serial: 8250/16550 driver, 32 ports, IRQ sharing enabled
[    1.517771] 00:02: ttyS0 at I/O 0x3f8 (irq = 4, base_baud = 115200) is a 16550A
[    1.547146] Linux agpgart interface v0.103
[    1.552639] loop: module loaded
[    1.558356] scsi host0: ata_piix
[    1.561852] scsi host1: ata_piix
[    1.564280] ata1: PATA max UDMA/33 cmd 0x1f0 ctl 0x3f6 bmdma 0xd000 irq 14
[    1.565844] ata2: PATA max UDMA/33 cmd 0x170 ctl 0x376 bmdma 0xd008 irq 15
[    1.574358] tun: Universal TUN/TAP device driver, 1.6
[    1.579740] PPP generic driver version 2.4.2
[    1.582867] ehci_hcd: USB 2.0 'Enhanced' Host Controller (EHCI) Driver
[    1.586789] ehci-pci: EHCI PCI platform driver
[    1.591261] ehci-platform: EHCI generic platform driver
[    1.595354] ohci_hcd: USB 1.1 'Open' Host Controller (OHCI) Driver
[    1.600806] ohci-pci: OHCI PCI platform driver
[    1.604734] ohci-platform: OHCI generic platform driver
[    1.604734] uhci_hcd: USB Universal Host Controller Interface driver
[    1.614676] i8042: PNP: PS/2 Controller [PNP0303:PS2K,PNP0f03:PS2M] at 0x60,0x64 irq 1,12
[    1.638963] serio: i8042 KBD port at 0x60,0x64 irq 1
[    1.642673] serio: i8042 AUX port at 0x60,0x64 irq 12
[    1.646609] mousedev: PS/2 mouse device common for all mice
[    1.651469] input: AT Translated Set 2 keyboard as /devices/platform/i8042/serio0/input/input2
[    1.662892] rtc_cmos rtc_cmos: rtc core: registered rtc_cmos as rtc0
[    1.669215] rtc_cmos rtc_cmos: alarms up to one day, 114 bytes nvram
[    1.672577] i2c /dev entries driver
[    1.672577] device-mapper: uevent: version 1.0.3
[    1.680204] device-mapper: ioctl: 4.37.0-ioctl (2017-09-20) initialised: dm-devel@redhat.com
[    1.687452] ledtrig-cpu: registered to indicate activity on CPUs
[    1.694042] NET: Registered protocol family 10
[    1.703766] Segment Routing with IPv6
[    1.706367] NET: Registered protocol family 17
[    1.709982] Key type dns_resolver registered
[    1.713642] mce: Using 0 MCE banks
[    1.716150] RAS: Correctable Errors collector initialized.
[    1.720272] sched_clock: Marking stable (1720163054, 0)->(3359972107, -1639809053)
[    1.726932] registered taskstats version 1
[    1.729813] Loading compiled-in X.509 certificates
[    1.803015] Loaded X.509 cert 'Build time autogenerated kernel key: b5b26778eaa3ab3a4a6cee031137706e947d12ad'
[    1.814362] Loaded X.509 cert 'Canonical Ltd. Live Patch Signing: 14df34d1a87cf37625abec039ef2bf521249b969'
[    1.824850] Loaded X.509 cert 'Canonical Ltd. Kernel Module Signing: 88f752e560a1e0737e31163a466ad7b70a850c19'
[    1.834267] blacklist: Loading compiled-in revocation X.509 certificates
[    1.841463] Loaded X.509 cert 'Canonical Ltd. Secure Boot Signing: 61482aa2830d0ab2ad5af10b7250da9033ddcef0'
[    1.850796] Loaded X.509 cert 'Canonical Ltd. Secure Boot Signing (2017): 242ade75ac4a15e50d50c84b0d45ff3eae707a03'
[    1.860176] Loaded X.509 cert 'Canonical Ltd. Secure Boot Signing (ESM 2018): 365188c1d374d6b07c3c8f240f8ef722433d6a8b'
[    1.869625] Loaded X.509 cert 'Canonical Ltd. Secure Boot Signing (2019): c0746fd6c5da3ae827864651ad66ae47fe24b3e8'
[    1.900259] Loaded X.509 cert 'Canonical Ltd. Secure Boot Signing (2021 v1): a8d54bbb3825cfb94fa13c9f8a594a195c107b8d'
[    1.910693] Loaded X.509 cert 'Canonical Ltd. Secure Boot Signing (2021 v2): 4cf046892d6fd3c9a5b03f98d845f90851dc6a8c'
[    1.920919] Loaded X.509 cert 'Canonical Ltd. Secure Boot Signing (2021 v3): 100437bb6de6e469b581e61cd66bce3ef4ed53af'
[    1.928796] Loaded X.509 cert 'Canonical Ltd. Secure Boot Signing (Ubuntu Core 2019): c1d57b8f6b743f23ee41f4f7ee292f06eecadfb9'
[    1.937590] zswap: loaded using pool lzo/zbud
[    1.948469] Key type big_key registered
[    1.951429] Key type trusted registered
[    1.958363] Key type encrypted registered
[    1.962516] AppArmor: AppArmor sha1 policy hashing enabled
[    1.966890] ima: No TPM chip found, activating TPM-bypass! (rc=-19)
[    1.971751] ima: Allocated hash algorithm: sha1
[    1.975063] evm: HMAC attrs: 0x1
[    1.978412]   Magic number: 6:636:347
[    1.981666]  pci0000:00: hash matches
[    1.985288] rtc_cmos rtc_cmos: setting system clock to 2026-04-30 20:18:35 UTC (1777580315)
[    1.991163] BIOS EDD facility v0.16 2004-Jun-25, 0 devices found
[    1.995408] EDD information not available.
[    2.001353] Freeing unused kernel image memory: 2480K
[    2.020130] Write protecting the kernel read-only data: 20480k
[    2.026527] Freeing unused kernel image memory: 2008K
[    2.030696] Freeing unused kernel image memory: 1820K
[    2.040419] x86/mm: Checked W+X mappings: passed, no W+X pages found.
[    2.044805] x86/mm: Checking user space page tables
[    2.055346] x86/mm: Checked W+X mappings: passed, no W+X pages found.
Loading, please wait...
starting version 237
[    2.214159] Fusion MPT base driver 3.04.20
[    2.218513] Copyright (c) 1999-2008 LSI Corporation
[    2.222040] e1000: Intel(R) PRO/1000 Network Driver - version 7.3.21-k8-NAPI
[    2.228793] e1000: Copyright (c) 1999-2006 Intel Corporation.
[    2.247893] AVX2 version of gcm_enc/dec engaged.
[    2.252668] AES CTR mode by8 optimization enabled
[    2.274588] Fusion MPT SPI Host driver 3.04.20
[    2.450194] input: ImExPS/2 Generic Explorer Mouse as /devices/platform/i8042/serio1/input/input4
[    2.812887] e1000 0000:00:03.0 eth0: (PCI:33MHz:32-bit) 02:3b:7b:b7:3b:2d
[    2.817258] e1000 0000:00:03.0 eth0: Intel(R) PRO/1000 Network Connection
[    2.824108] mptbase: ioc0: Initiating bringup
[    2.934938] ioc0: LSI53C1030 A0: Capabilities={Initiator}
[    3.187625] scsi host2: ioc0: LSI53C1030 A0, FwRev=00000000h, Ports=1, MaxQ=256, IRQ=20
[    3.362129] scsi 2:0:0:0: Direct-Access     VBOX     HARDDISK         1.0  PQ: 0 ANSI: 5
[    3.443711] scsi target2:0:0: Beginning Domain Validation
[    3.449965] scsi target2:0:0: Domain Validation skipping write tests
[    3.453969] scsi target2:0:0: Ending Domain Validation
[    3.468619] scsi target2:0:0: asynchronous
[    3.472051] scsi 2:0:1:0: Direct-Access     VBOX     HARDDISK         1.0  PQ: 0 ANSI: 5
[    3.736059] scsi target2:0:1: Beginning Domain Validation
[    3.743711] scsi target2:0:1: Domain Validation skipping write tests
[    3.748943] scsi target2:0:1: Ending Domain Validation
[    3.753157] scsi target2:0:1: asynchronous
[    3.764947] sd 2:0:0:0: Attached scsi generic sg0 type 0
[    3.770357] sd 2:0:1:0: Attached scsi generic sg1 type 0
[    3.774161] sd 2:0:0:0: [sda] 83886080 512-byte logical blocks: (42.9 GB/40.0 GiB)
[    3.780846] sd 2:0:1:0: [sdb] 20480 512-byte logical blocks: (10.5 MB/10.0 MiB)
[    3.786235] sd 2:0:1:0: [sdb] Write Protect is off
[    3.790047] sd 2:0:0:0: [sda] Write Protect is off
[    3.794201] sd 2:0:1:0: [sdb] Incomplete mode parameter data
[    3.798627] sd 2:0:1:0: [sdb] Assuming drive cache: write through
[    3.804165] sd 2:0:0:0: [sda] Incomplete mode parameter data
[    3.808781] sd 2:0:0:0: [sda] Assuming drive cache: write through
[    3.819267] sd 2:0:1:0: [sdb] Attached SCSI disk
[    3.824191]  sda: sda1
[    3.828187] sd 2:0:0:0: [sda] Attached SCSI disk
[    3.967972] e1000 0000:00:08.0 eth1: (PCI:33MHz:32-bit) 08:00:27:52:e3:41
[    3.973225] e1000 0000:00:08.0 eth1: Intel(R) PRO/1000 Network Connection
[    4.540642] e1000 0000:00:09.0 eth2: (PCI:33MHz:32-bit) 08:00:27:d6:4e:72
[    4.545836] e1000 0000:00:09.0 eth2: Intel(R) PRO/1000 Network Connection
[    4.553388] e1000 0000:00:09.0 enp0s9: renamed from eth2
[    4.572851] e1000 0000:00:08.0 enp0s8: renamed from eth1
[    4.602100] e1000 0000:00:03.0 enp0s3: renamed from eth0
Begin: Loading essential drivers ... [    7.576897] raid6: sse2x1   gen()  5668 MB/s
[    7.628750] raid6: sse2x1   xor()  5579 MB/s
[    7.680386] raid6: sse2x2   gen() 10676 MB/s
[    7.728635] raid6: sse2x2   xor()  7149 MB/s
[    7.776240] raid6: sse2x4   gen() 12749 MB/s
[    7.829532] raid6: sse2x4   xor()  7493 MB/s
[    7.880289] raid6: avx2x1   gen() 10865 MB/s
[    7.932211] raid6: avx2x1   xor() 12903 MB/s
[    7.984216] raid6: avx2x2   gen() 21182 MB/s
[    8.033067] raid6: avx2x2   xor() 12901 MB/s
[    8.080687] raid6: avx2x4   gen() 23795 MB/s
[    8.132387] raid6: avx2x4   xor()  8741 MB/s
[    8.135349] raid6: using algorithm avx2x4 gen() 23795 MB/s
[    8.139338] raid6: .... xor() 8741 MB/s, rmw enabled
[    8.142888] raid6: using avx2x2 recovery algorithm
[    8.148231] xor: automatically using best checksumming function   avx       
[    8.154997] async_tx: api initialized (async)
done.
Begin: Running /scripts/init-premount ... done.
Begin: Mounting root file system ... Begin: Running /scripts/local-top ... done.
Begin: Running /scripts/local-premount ... [    8.224780] Btrfs loaded, crc32c=crc32c-intel
Scanning for Btrfs filesystems
done.
Warning: fsck not present, so skipping root file system
[    8.269496] EXT4-fs (sda1): mounted filesystem with ordered data mode. Opts: (null)
done.
Begin: Running /scripts/local-bottom ... done.
Begin: Running /scripts/init-bottom ... done.
[    8.510603] ip_tables: (C) 2000-2006 Netfilter Core Team
[    8.527980] systemd[1]: systemd 237 running in system mode. (+PAM +AUDIT +SELINUX +IMA +APPARMOR +SMACK +SYSVINIT +UTMP +LIBCRYPTSETUP +GCRYPT +GNUTLS +ACL +XZ +LZ4 +SECCOMP +BLKID +ELFUTILS +KMOD -IDN2 +IDN -PCRE2 default-hierarchy=hybrid)
[    8.542163] systemd[1]: Detected virtualization oracle.
[    8.546073] systemd[1]: Detected architecture x86-64.

Welcome to [1mUbuntu 18.04.6 LTS[0m!

[    8.568575] systemd[1]: Set hostname to <ubuntu>.
[    8.576440] systemd[1]: Initializing machine ID from random generator.
[    8.581252] systemd[1]: Installed transient /etc/machine-id file.
[    9.285540] systemd[1]: Started Forward Password Requests to Wall Directory Watch.
[[0;32m  OK  [0m] Started Forward Password Requests to Wall Directory Watch.
[    9.297166] systemd[1]: Reached target Mounting snaps.
[[0;32m  OK  [0m] Reached target Mounting snaps.
[    9.305529] systemd[1]: Reached target Mounted snaps.
[[0;32m  OK  [0m] Reached target Mounted snaps.
[    9.313619] systemd[1]: Reached target System Time Synchronized.
[[0;32m  OK  [0m] Reached target System Time Synchronized.
[[0;32m  OK  [0m] Created slice User and Session Slice.
[[0;32m  OK  [0m] Set up automount Arbitrary Executab…rmats File System Automount Point.
[[0;32m  OK  [0m] Reached target Swap.
[[0;32m  OK  [0m] Created slice System Slice.
[[0;32m  OK  [0m] Listening on LVM2 metadata daemon socket.
[[0;32m  OK  [0m] Listening on fsck to fsckd communication Socket.
[[0;32m  OK  [0m] Listening on Journal Socket.
         Mounting Huge Pages File System...
[[0;32m  OK  [0m] Listening on LVM2 poll daemon socket.
         Starting File System Check on Root Device...
         Mounting Kernel Debug File System...
[[0;32m  OK  [0m] Listening on udev Control Socket.
[[0;32m  OK  [0m] Listening on Journal Socket (/dev/log).
[[0;32m  OK  [0m] Listening on Journal Audit Socket.
[[0;32m  OK  [0m] Listening on udev Kernel Socket.
         Starting Uncomplicated firewall...
[[0;32m  OK  [0m] Listening on Syslog Socket.
         Starting Journal Service...
         Mounting POSIX Message Queue File System...
         Starting Load Kernel Modules...
[[0;32m  OK  [0m] Listening on Network Service Netlink Socket.
         Starting Set the console keyboard layout...
[[0;32m  OK  [0m] Listening on /dev/initctl Compatibility Named Pipe.
[[0;32m  OK  [0m] Reached target Slices.
         Starting Create list of required st…ce nodes for the current kernel...
[[0;32m  OK  [0m] Created slice system-serial\x2dgetty.slice.
[[0;32m  OK  [0m] Listening on Device-mapper event daemon FIFOs.
         Starting Monitoring of LVM2 mirrors…ng dmeventd or progress polling...
         Starting udev Coldplug all Devices...
[[0;32m  OK  [0m] Reached target User and Group Name Lookups.
[[0;32m  OK  [0m] Mounted Huge Pages File System.
[[0;32m  OK  [0m] Started File System Check on Root Device.
[[0;32m  OK  [0m] Mounted Kernel Debug File System.
[[0;32m  OK  [0m] Started Uncomplicated firewall.
[[0;32m  OK  [0m] Mounted POSIX Message Queue File System.
[[0;32m  OK  [0m] Started File System Check Daemon to report status.
         Starting Remount Root and Kernel File Systems...
[[0;32m  OK  [0m] Started Create list of required sta…vice nodes for the current kernel.
         Starting Create Static Device Nodes in /dev...
[[0;32m  OK  [0m] Started LVM2 metadata daemon.
[[0;32m  OK  [0m] Started Journal Service.
[    9.589575] Loading iSCSI transport class v2.0-870.
[[0;32m  OK  [0m] Started Create Static Device Nodes in /dev.
[[0;32m  OK  [0m] Started udev Coldplug all Devices.
[    9.683571] iscsi: registered transport (tcp)
[    9.704285] iscsi: registered transport (iser)
[    9.708917] EXT4-fs (sda1): re-mounted. Opts: (null)
[[0;32m  OK  [0m] Started Load Kernel Modules.
[[0;32m  OK  [0m] Started Remount Root and Kernel File Systems.
         Starting Flush Journal to Persistent Storage...
         Starting Load/Save Random Seed...
         Starting udev Kernel Device Manager...
         Mounting FUSE Control File System...
         Mounting Kernel Configuration File System...
         Starting Apply Kernel Variables...
[[0;32m  OK  [0m] Started Monitoring of LVM2 mirrors,…sing dmeventd or progress polling.
[[0;32m  OK  [0m] Started Load/Save Random Seed.
[[0;32m  OK  [0m] Mounted FUSE Control File System.
[[0;32m  OK  [0m] Mounted Kernel Configuration File System.
[    9.790048] systemd-journald[401]: Received request to flush runtime journal from PID 1
[[0;32m  OK  [0m] Started udev Kernel Device Manager.
[[0;32m  OK  [0m] Started Apply Kernel Variables.
[[0;32m  OK  [0m] Started Flush Journal to Persistent Storage.
[[0;32m  OK  [0m] Found device /dev/ttyS0.
[[0;32m  OK  [0m] Listening on Load/Save RF Kill Switch Status /dev/rfkill Watch.
         Mounting Arbitrary Executable File Formats File System...
[[0;32m  OK  [0m] Mounted Arbitrary Executable File Formats File System.
[[0;32m  OK  [0m] Started Set the console keyboard layout.
[[0;32m  OK  [0m] Started Dispatch Password Requests to Console Directory Watch.
[[0;32m  OK  [0m] Reached target Local Encrypted Volumes.
[[0;32m  OK  [0m] Reached target Local File Systems (Pre).
[[0;32m  OK  [0m] Reached target Local File Systems.
         Starting Set console font and keymap...
         Starting Commit a transient machine-id on disk...
         Starting AppArmor initialization...
         Starting Tell Plymouth To Write Out Runtime Data...
         Starting Create Volatile Files and Directories...
         Starting ebtables ruleset management...
[[0;32m  OK  [0m] Started Tell Plymouth To Write Out Runtime Data.
[[0;32m  OK  [0m] Started Create Volatile Files and Directories.
         Starting Update UTMP about System Boot/Shutdown...
[[0;32m  OK  [0m] Started Update UTMP about System Boot/Shutdown.
[[0;32m  OK  [0m] Started Commit a transient machine-id on disk.
[[0;32m  OK  [0m] Started ebtables ruleset management.
[[0;32m  OK  [0m] Started AppArmor initialization.
         Starting Initial cloud-init job (pre-networking)...
         Starting Load AppArmor profiles managed internally by snapd...
[[0;32m  OK  [0m] Started Load AppArmor profiles managed internally by snapd.
[[0;32m  OK  [0m] Started Set console font and keymap.
[   14.573666] cloud-init[807]: Cloud-init v. 23.1.2-0ubuntu0~18.04.1 running 'init-local' at Thu, 30 Apr 2026 20:18:47 +0000. Up 14.16 seconds.
[[0;32m  OK  [0m] Started Initial cloud-init job (pre-networking).
[[0;32m  OK  [0m] Reached target Network (Pre).
         Starting Network Service...
[[0;32m  OK  [0m] Started Network Service.
         Starting Network Name Resolution...
         Starting Wait for Network to be Configured...
[[0;32m  OK  [0m] Started Network Name Resolution.
[[0;32m  OK  [0m] Reached target Network.
[[0;32m  OK  [0m] Reached target Host and Network Name Lookups.
[[0;32m  OK  [0m] Started Wait for Network to be Configured.
         Starting Initial cloud-init job (metadata service crawler)...
[   16.612095] cloud-init[973]: Cloud-init v. 23.1.2-0ubuntu0~18.04.1 running 'init' at Thu, 30 Apr 2026 20:18:49 +0000. Up 16.42 seconds.
[   16.637676] cloud-init[973]: ci-info: ++++++++++++++++++++++++++++++++++++++Net device info+++++++++++++++++++++++++++++++++++++++
[   16.642261] cloud-init[973]: ci-info: +--------+-------+----------------------------+---------------+--------+-------------------+
[   16.647860] cloud-init[973]: ci-info: | Device |   Up  |          Address           |      Mask     | Scope  |     Hw-Address    |
[   16.652821] cloud-init[973]: ci-info: +--------+-------+----------------------------+---------------+--------+-------------------+
[   16.658070] cloud-init[973]: ci-info: | enp0s3 |  True |         10.0.2.15          | 255.255.255.0 | global | 02:3b:7b:b7:3b:2d |
[   16.662968] cloud-init[973]: ci-info: | enp0s3 |  True | fe80::3b:7bff:feb7:3b2d/64 |       .       |  link  | 02:3b:7b:b7:3b:2d |
[   16.667964] cloud-init[973]: ci-info: | enp0s8 | False |             .              |       .       |   .    | 08:00:27:52:e3:41 |
[   16.673154] cloud-init[973]: ci-info: | enp0s9 | False |             .              |       .       |   .    | 08:00:27:d6:4e:72 |
[   16.678207] cloud-init[973]: ci-info: |   lo   |  True |         127.0.0.1          |   255.0.0.0   |  host  |         .         |
[   16.683214] cloud-init[973]: ci-info: |   lo   |  True |          ::1/128           |       .       |  host  |         .         |
[   16.688802] cloud-init[973]: ci-info: +--------+-------+----------------------------+---------------+--------+-------------------+
[   16.695359] cloud-init[973]: ci-info: ++++++++++++++++++++++++++++Route IPv4 info+++++++++++++++++++++++++++++
[   16.700162] cloud-init[973]: ci-info: +-------+-------------+----------+-----------------+-----------+-------+
[   16.705218] cloud-init[973]: ci-info: | Route | Destination | Gateway  |     Genmask     | Interface | Flags |
[   16.710049] cloud-init[973]: ci-info: +-------+-------------+----------+-----------------+-----------+-------+
[   16.714541] cloud-init[973]: ci-info: |   0   |   0.0.0.0   | 10.0.2.2 |     0.0.0.0     |   enp0s3  |   UG  |
[   16.719411] cloud-init[973]: ci-info: |   1   |   10.0.2.0  | 0.0.0.0  |  255.255.255.0  |   enp0s3  |   U   |
[   16.723956] cloud-init[973]: ci-info: |   2   |   10.0.2.2  | 0.0.0.0  | 255.255.255.255 |   enp0s3  |   UH  |
[   16.728679] cloud-init[973]: ci-info: +-------+-------------+----------+-----------------+-----------+-------+
[   16.733700] cloud-init[973]: ci-info: +++++++++++++++++++Route IPv6 info+++++++++++++++++++
[   16.737581] cloud-init[973]: ci-info: +-------+-------------+---------+-----------+-------+
[   16.741492] cloud-init[973]: ci-info: | Route | Destination | Gateway | Interface | Flags |
[   16.746152] cloud-init[973]: ci-info: +-------+-------------+---------+-----------+-------+
[   16.752603] cloud-init[973]: ci-info: |   1   |  fe80::/64  |    ::   |   enp0s3  |   U   |
[   16.757530] cloud-init[973]: ci-info: |   3   |    local    |    ::   |   enp0s3  |   U   |
[   16.761855] cloud-init[973]: ci-info: |   4   |   ff00::/8  |    ::   |   enp0s3  |   U   |
[   16.767300] cloud-init[973]: ci-info: +-------+-------------+---------+-----------+-------+
[   17.750780] cloud-init[973]: Generating public/private rsa key pair.
[   17.754963] cloud-init[973]: Your identification has been saved in /etc/ssh/ssh_host_rsa_key.
[   17.761099] cloud-init[973]: Your public key has been saved in /etc/ssh/ssh_host_rsa_key.pub.
[   17.766385] cloud-init[973]: The key fingerprint is:
[   17.770270] cloud-init[973]: SHA256:b8+45G6osuPS16zv1q8Q2xoBrLLupICkuP8PayNXdJw root@ubuntu-bionic
[   17.775626] cloud-init[973]: The key's randomart image is:
[   17.779590] cloud-init[973]: +---[RSA 2048]----+
[   17.783354] cloud-init[973]: |                 |
[   17.787944] cloud-init[973]: |     .           |
[   17.791707] cloud-init[973]: |      o. .       |
[   17.795427] cloud-init[973]: |     ...E        |
[   17.799479] cloud-init[973]: | .. .. .S        |
[   17.802924] cloud-init[973]: |=  o  .  *       |
[   17.806573] cloud-init[973]: |= o... o+o=      |
[   17.810275] cloud-init[973]: |.=o Bo. =Bo+     |
[   17.813913] cloud-init[973]: |oo+B=B+*+o*++    |
[   17.817802] cloud-init[973]: +----[SHA256]-----+
[   17.821666] cloud-init[973]: Generating public/private dsa key pair.
[   17.825650] cloud-init[973]: Your identification has been saved in /etc/ssh/ssh_host_dsa_key.
[   17.830669] cloud-init[973]: Your public key has been saved in /etc/ssh/ssh_host_dsa_key.pub.
[   17.835002] cloud-init[973]: The key fingerprint is:
[   17.838080] cloud-init[973]: SHA256:3HxZtceNWfrTFYMV8Kh+MGFo4gekxYnyMaX+9uBi+34 root@ubuntu-bionic
[   17.843127] cloud-init[973]: The key's randomart image is:
[   17.846639] cloud-init[973]: +---[DSA 1024]----+
[[0;32m  OK  [0m] Started Initial cloud-init job (metadata service crawler).
[   17.876444] cloud-init[973]: |      ++.    .+=+|
[[0;32m  OK  [0m] Reached target Network is Online.
[   17.890626] cloud-init[973]: |   . +=o  .  .oB=|
[   17.894303] cloud-init[973]: |    oooo o o .=o=|
[   17.903274] cloud-init[973]: |    ....+o. oo .+|
         Starting Availability of block devices...
[   17.908716] cloud-init[973]: |     . .S.o+o  .o|
[   17.911213] cloud-init[973]: |      . . ..o   .|
[[0;32m  OK  [0m[   17.914053] cloud-init[973]: |       +   . .   |
[   17.914752] cloud-init[973]: |     oo oE  .    |
[   17.917054] cloud-init[973]: |    ..=+..       |
[   17.919011] cloud-init] Reached target Remote File Systems (Pre).[973]: +----[SHA256]-----+
[   17.927324] cloud-init[973]: Generating public/private ecdsa key pair.
[   17.929029] cloud-init[973]: Your identification has been saved in /etc/ssh/ssh_host_ecdsa_key.
[   17.931217] cloud-init[973]: Your public key has been saved in /etc/ssh/ssh_host_ecdsa_key.pub.
[   17.934338] cloud-init[973]: The key fingerprint is:
[   17.934648] cloud-init[973]: SHA256:ooGpLcavT2E0xNWnEgJS3Cjm10CXSowKsQJL8K6xnMU root@ubuntu-bionic
[   17.937508] cloud-init[973]: The key's randomart image is:
[   17.938396] cloud-init[973]: +---[ECDSA 256]---+
[   17.942570] cloud-init[973]: |**B=.oo          |
[   17.942899] 
[[0;32m  OK  [0m] Reached target Remote File Systems.cloud-init[973]: |**+*oo . .       |
[   17.951106] cloud-init[973]: |O.oo= . o        |
[   17.952256] cloud-init[973]: |ooo=.o .         |

[   17.953470] cloud-init[973]: |. =E. o S        |
[   17.958026] cloud-init[973]: |o*+ .o .         |
[   17.958246] cloud-init[973]: |==...            |
[   17.960068] cloud-init[973]: |..o              |
[   17.961128] cloud-init[973]: | .oo             |
[   17.963384] cloud-init[973]: +----[SHA256]-----+
[   17.964746] cloud-init[973]: Generating public/private ed25519 key pair.
[   17.966739] cloud-init[973]: Your identification has been saved in /etc/ssh/ssh_host_ed25519_key.
[   17.967613] cloud-init[973]: Your public key has been saved in /etc/ssh/ssh_host_ed25519_key.pub.
[   17.972383] cloud-init[973]: The key fingerprint is:
[   17.974222] cloud-init[973]: SHA256:22A4rBmXxCIM25kDyFWY5upss2pAZCSJuOp5nOLqWJg root@ubuntu-bionic
[   17.975720] cloud-init[973]: The key's randomart image is:
[   17.978489] cloud-init[973]: +--[ED25519 256]--+
[   17.980796] cloud-init[973]: |Xo..+.           |
[   17.983258] cloud-init[973]: |*X * .           |
[   17.985612] cloud-init[973]: |+.X . o          |
[   17.986247] cloud-init[973]: |.. + + o         |
[   17.989237] cloud-init[973]: |o . . * S        |
[   17.990252] cloud-init[973]: |o+   = o +       |
[   17.992456] cloud-init[973]: |E + +   . .      |
[   17.994428] cloud-init[973]: |.@ +             |
[   17.994774] cloud-init[973]: |@+=              |
[   17.996810] cloud-init[973]: +----[SHA256]-----+
[[0;32m  OK  [0m] Reached target System Initialization.
[[0;32m  OK  [0m] Listening on D-Bus System Message Bus Socket.
[[0;32m  OK  [0m] Listening on Open-iSCSI iscsid Socket.
[[0;32m  OK  [0m] Started Daily apt download activities.
[[0;32m  OK  [0m] Started Daily apt upgrade and clean activities.
[[0;32m  OK  [0m] Started Daily Cleanup of Temporary Directories.
[[0;32m  OK  [0m] Started ACPI Events Check.
[[0;32m  OK  [0m] Reached target Paths.
         Starting LXD - unix socket.
         Starting Socket activation for snappy daemon.
[[0;32m  OK  [0m] Started Discard unused blocks once a week.
[[0;32m  OK  [0m] Listening on UUID daemon activation socket.
[[0;32m  OK  [0m] Listening on cloud-init hotplug hook socket.
[[0;32m  OK  [0m] Listening on ACPID Listen Socket.
[[0;32m  OK  [0m] Started Ubuntu Advantage Timer for running repeated jobs.
[[0;32m  OK  [0m] Started Message of the Day.
[[0;32m  OK  [0m] Reached target Timers.
[[0;32m  OK  [0m] Reached target Cloud-config availability.
[[0;32m  OK  [0m] Started Availability of block devices.
[[0;32m  OK  [0m] Listening on LXD - unix socket.
[[0;32m  OK  [0m] Listening on Socket activation for snappy daemon.
[[0;32m  OK  [0m] Reached target Sockets.
[[0;32m  OK  [0m] Reached target Basic System.
         Starting Permit User Sessions...
[[0;32m  OK  [0m] Reached target Login Prompts (Pre).
         Starting Accounts Service...
         Starting Dispatcher daemon for systemd-networkd...
         Starting LSB: Record successful boot for GRUB...
         Starting Pollinate to seed the pseudo random number generator...
[[0;32m  OK  [0m] Started Regular background program processing daemon.
         Starting System Logging Service...
[[0;32m  OK  [0m] Started D-Bus System Message Bus.
[[0;32m  OK  [0m] Started irqbalance daemon.
         Starting Snap Daemon...
         Starting Login Service...
[[0;32m  OK  [0m] Started Deferred execution scheduler.
         Starting Virtualbox guest utils...
         Starting LSB: automatic crash report generation...
[[0;32m  OK  [0m] Started FUSE filesystem for LXC.
         Starting LXD - container startup/shutdown...
[[0;32m  OK  [0m] Started System Logging Service.
[[0;32m  OK  [0m] Started Permit User Sessions.
[[0;32m  OK  [0m] Started Login Service.
[[0;32m  OK  [0m] Started Unattended Upgrades Shutdown.
         Starting Authorization Manager...
         Starting Terminate Plymouth Boot Screen...
         Starting Hold until boot process finishes up...
[[0;32m  OK  [0m] Started Hold until boot process finishes up.
         Starting Set console scheme...
[[0;32m  OK  [0m] Started Serial Getty on ttyS0.
[[0;32m  OK  [0m] Started Terminate Plymouth Boot Screen.
[[0;32m  OK  [0m] Started Set console scheme.
[[0;32m  OK  [0m] Created slice system-getty.slice.
[[0;32m  OK  [0m] Started Getty on tty1.
[[0;32m  OK  [0m] Reached target Login Prompts.
[[0;32m  OK  [0m] Started LSB: automatic crash report generation.
[[0;32m  OK  [0m] Started LSB: Record successful boot for GRUB.
[[0;32m  OK  [0m] Started Dispatcher daemon for systemd-networkd.
[[0;32m  OK  [0m] Started Authorization Manager.
[[0;32m  OK  [0m] Started Accounts Service.
[[0;32m  OK  [0m] Started LXD - container startup/shutdown.
[[0;32m  OK  [0m] Started Virtualbox guest utils.
[[0;32m  OK  [0m] Started Pollinate to seed the pseudo random number generator.
         Starting OpenBSD Secure Shell server...
[[0;32m  OK  [0m] Started OpenBSD Secure Shell server.
[[0;32m  OK  [0m] Started Snap Daemon.
         Starting Wait until snapd is fully seeded...
[[0;32m  OK  [0m] Created slice User Slice of vagrant.
         Starting User Manager for UID 1000...
[[0;32m  OK  [0m] Started Session 1 of user vagrant.
[[0;32m  OK  [0m] Started User Manager for UID 1000.
         Starting Time & Date Service...
[[0;32m  OK  [0m] Started Time & Date Service.
[[0;32m  OK  [0m] Started Wait until snapd is fully seeded.
         Starting Apply the settings specified in cloud-config...
[   23.863550] cloud-init[1657]: Cloud-init v. 23.1.2-0ubuntu0~18.04.1 running 'modules:config' at Thu, 30 Apr 2026 20:18:56 +0000. Up 23.22 seconds.

Ubuntu 18.04.6 LTS ubuntu-bionic ttyS0

ubuntu-bionic login: ci-info: no authorized SSH keys fingerprints found for user ubuntu.
<14>Apr 30 20:18:58 cloud-init: #############################################################
<14>Apr 30 20:18:58 cloud-init: -----BEGIN SSH HOST KEY FINGERPRINTS-----
<14>Apr 30 20:18:58 cloud-init: 1024 SHA256:3HxZtceNWfrTFYMV8Kh+MGFo4gekxYnyMaX+9uBi+34 root@ubuntu-bionic (DSA)
<14>Apr 30 20:18:58 cloud-init: 256 SHA256:ooGpLcavT2E0xNWnEgJS3Cjm10CXSowKsQJL8K6xnMU root@ubuntu-bionic (ECDSA)
<14>Apr 30 20:18:58 cloud-init: 256 SHA256:22A4rBmXxCIM25kDyFWY5upss2pAZCSJuOp5nOLqWJg root@ubuntu-bionic (ED25519)
<14>Apr 30 20:18:58 cloud-init: 2048 SHA256:b8+45G6osuPS16zv1q8Q2xoBrLLupICkuP8PayNXdJw root@ubuntu-bionic (RSA)
<14>Apr 30 20:18:58 cloud-init: -----END SSH HOST KEY FINGERPRINTS-----
<14>Apr 30 20:18:58 cloud-init: #############################################################
-----BEGIN SSH HOST KEY KEYS-----
ecdsa-sha2-nistp256 AAAAE2VjZHNhLXNoYTItbmlzdHAyNTYAAAAIbmlzdHAyNTYAAABBBMreMNg6/OAzEs1TPFT8jmt0BX+6oEOez/fwiHteRyZtARsvFrONHMTKTBKUiCPMt9RWUDdxnDat+cE2V7xykWQ= root@ubuntu-bionic
ssh-ed25519 AAAAC3NzaC1lZDI1NTE5AAAAIKXS3SM8ttjDn0zxA6/k7IWiBCGCvXpihF+XuNGnLtX0 root@ubuntu-bionic
ssh-rsa AAAAB3NzaC1yc2EAAAADAQABAAABAQCs62SxsV/61O6TfAwwTn3yx2dtOlU0l0dIuN4JxJMor+/1r5VxMdpxa2Q/YTEu0VoeUK5S1GSPx+GImjwwjXtO2DH2YdYSnrpqz78oBu53jpySAD5Fg6+LKPlUyVqF4Zxj8tQ9MwLveVFrxyZsMs2eu5neJDw0JLHxQBoKuukvFChL+FH3Hu+K+Nj10RBH5jyMMOr0K9htAFMg/EXV8yvQuncz1NuhCtkJdWIJJ4inbeVz7zf/bYMGKjA6KAsycznp7Y6rh/JtaatQ3fRS+ruGQsm66VcIW5GlL23LEgZvlLcfARBg0QTWCxsw9oNFKy35tRysbLh8N+oH72+7BKkr root@ubuntu-bionic
-----END SSH HOST KEY KEYS-----
[   25.034579] cloud-init[1838]: Cloud-init v. 23.1.2-0ubuntu0~18.04.1 running 'modules:final' at Thu, 30 Apr 2026 20:18:58 +0000. Up 24.70 seconds.
[   25.034816] cloud-init[1838]: Cloud-init v. 23.1.2-0ubuntu0~18.04.1 finished at Thu, 30 Apr 2026 20:18:58 +0000. Datasource DataSourceNoCloud [seed=/dev/sdb][dsmode=net].  Up 25.02 seconds
